Component: ARM Compiler 5.05 update 1 (build 106) Tool: armlink [4d0efa]

==============================================================================

Section Cross References

    startup_stm32f103xb.o(RESET) refers to startup_stm32f103xb.o(STACK) for __initial_sp
    startup_stm32f103xb.o(RESET) refers to startup_stm32f103xb.o(.text) for Reset_Handler
    startup_stm32f103xb.o(RESET) refers to stm32f1xx_it.o(i.NMI_Handler) for NMI_Handler
    startup_stm32f103xb.o(RESET) refers to stm32f1xx_it.o(i.HardFault_Handler) for HardFault_Handler
    startup_stm32f103xb.o(RESET) refers to stm32f1xx_it.o(i.MemManage_Handler) for MemManage_Handler
    startup_stm32f103xb.o(RESET) refers to stm32f1xx_it.o(i.BusFault_Handler) for BusFault_Handler
    startup_stm32f103xb.o(RESET) refers to stm32f1xx_it.o(i.UsageFault_Handler) for UsageFault_Handler
    startup_stm32f103xb.o(RESET) refers to stm32f1xx_it.o(i.SVC_Handler) for SVC_Handler
    startup_stm32f103xb.o(RESET) refers to stm32f1xx_it.o(i.DebugMon_Handler) for DebugMon_Handler
    startup_stm32f103xb.o(RESET) refers to stm32f1xx_it.o(i.PendSV_Handler) for PendSV_Handler
    startup_stm32f103xb.o(RESET) refers to stm32f1xx_it.o(i.SysTick_Handler) for SysTick_Handler
    startup_stm32f103xb.o(RESET) refers to stm32f1xx_it.o(i.EXTI4_IRQHandler) for EXTI4_IRQHandler
    startup_stm32f103xb.o(RESET) refers to stm32f1xx_it.o(i.TIM1_UP_IRQHandler) for TIM1_UP_IRQHandler
    startup_stm32f103xb.o(RESET) refers to stm32f1xx_it.o(i.TIM2_IRQHandler) for TIM2_IRQHandler
    startup_stm32f103xb.o(RESET) refers to stm32f1xx_it.o(i.TIM4_IRQHandler) for TIM4_IRQHandler
    startup_stm32f103xb.o(RESET) refers to stm32f1xx_it.o(i.USART1_IRQHandler) for USART1_IRQHandler
    startup_stm32f103xb.o(RESET) refers to stm32f1xx_it.o(i.USART3_IRQHandler) for USART3_IRQHandler
    startup_stm32f103xb.o(RESET) refers to stm32f1xx_it.o(i.EXTI15_10_IRQHandler) for EXTI15_10_IRQHandler
    startup_stm32f103xb.o(.text) refers to system_stm32f1xx.o(i.SystemInit) for SystemInit
    startup_stm32f103xb.o(.text) refers to entry.o(.ARM.Collect$$$$00000000) for __main
    main.o(i.SystemClock_Config) refers to memseta.o(.text) for __aeabi_memclr4
    main.o(i.SystemClock_Config) refers to stm32f1xx_hal_rcc.o(i.HAL_RCC_OscConfig) for HAL_RCC_OscConfig
    main.o(i.SystemClock_Config) refers to stm32f1xx_hal_rcc.o(i.HAL_RCC_ClockConfig) for HAL_RCC_ClockConfig
    main.o(i.SystemClock_Config) refers to stm32f1xx_hal_rcc_ex.o(i.HAL_RCCEx_PeriphCLKConfig) for HAL_RCCEx_PeriphCLKConfig
    main.o(i.main) refers to stm32f1xx_hal.o(i.HAL_Init) for HAL_Init
    main.o(i.main) refers to main.o(i.SystemClock_Config) for SystemClock_Config
    main.o(i.main) refers to gpio.o(i.MX_GPIO_Init) for MX_GPIO_Init
    main.o(i.main) refers to usart.o(i.MX_USART1_UART_Init) for MX_USART1_UART_Init
    main.o(i.main) refers to tim.o(i.MX_TIM1_Init) for MX_TIM1_Init
    main.o(i.main) refers to tim.o(i.MX_TIM2_Init) for MX_TIM2_Init
    main.o(i.main) refers to tim.o(i.MX_TIM4_Init) for MX_TIM4_Init
    main.o(i.main) refers to adc.o(i.MX_ADC2_Init) for MX_ADC2_Init
    main.o(i.main) refers to usart.o(i.MX_USART2_UART_Init) for MX_USART2_UART_Init
    main.o(i.main) refers to usart.o(i.MX_USART3_UART_Init) for MX_USART3_UART_Init
    main.o(i.main) refers to oled.o(i.OLED_Init) for OLED_Init
    main.o(i.main) refers to oled.o(i.OLED_Clear) for OLED_Clear
    main.o(i.main) refers to stm32f1xx_hal_tim.o(i.HAL_TIM_PWM_Start) for HAL_TIM_PWM_Start
    main.o(i.main) refers to stm32f1xx_hal_tim.o(i.HAL_TIM_Encoder_Start) for HAL_TIM_Encoder_Start
    main.o(i.main) refers to stm32f1xx_hal_tim.o(i.HAL_TIM_Base_Start_IT) for HAL_TIM_Base_Start_IT
    main.o(i.main) refers to pid.o(i.PID_init) for PID_init
    main.o(i.main) refers to stm32f1xx_hal_gpio.o(i.HAL_GPIO_ReadPin) for HAL_GPIO_ReadPin
    main.o(i.main) refers to motor.o(i.motorPidSetSpeed) for motorPidSetSpeed
    main.o(i.main) refers to f2d.o(.text) for __aeabi_f2d
    main.o(i.main) refers to printfa.o(i.__0sprintf) for __2sprintf
    main.o(i.main) refers to strlen.o(.text) for strlen
    main.o(i.main) refers to stm32f1xx_hal_uart.o(i.HAL_UART_Transmit) for HAL_UART_Transmit
    main.o(i.main) refers to oled.o(i.OLED_ShowString) for OLED_ShowString
    main.o(i.main) refers to stm32f1xx_hal.o(i.HAL_Delay) for HAL_Delay
    main.o(i.main) refers to stm32f1xx_hal_gpio.o(i.HAL_GPIO_WritePin) for HAL_GPIO_WritePin
    main.o(i.main) refers to hc_sr04.o(i.HC_SR04_Read) for HC_SR04_Read
    main.o(i.main) refers to fadd.o(.text) for __aeabi_fadd
    main.o(i.main) refers to tim.o(.bss) for htim1
    main.o(i.main) refers to usart.o(.bss) for huart1
    main.o(i.main) refers to stm32f1xx_it.o(.data) for Mileage
    main.o(i.main) refers to main.o(.bss) for .bss
    main.o(i.main) refers to printfa.o(i.__0printf) for __2printf
    gpio.o(i.MX_GPIO_Init) refers to stm32f1xx_hal_gpio.o(i.HAL_GPIO_WritePin) for HAL_GPIO_WritePin
[...]
    Removing cjson.o(i.cJSON_GetNumberValue), (28 bytes).
    Removing cjson.o(i.cJSON_GetObjectItem), (6 bytes).
    Removing cjson.o(i.cJSON_GetObjectItemCaseSensitive), (6 bytes).
    Removing cjson.o(i.cJSON_GetStringValue), (16 bytes).
    Removing cjson.o(i.cJSON_HasObjectItem), (14 bytes).
    Removing cjson.o(i.cJSON_InitHooks), (72 bytes).
    Removing cjson.o(i.cJSON_InsertItemInArray), (58 bytes).
    Removing cjson.o(i.cJSON_IsArray), (18 bytes).
    Removing cjson.o(i.cJSON_IsBool), (14 bytes).
    Removing cjson.o(i.cJSON_IsFalse), (14 bytes).
    Removing cjson.o(i.cJSON_IsInvalid), (20 bytes).
    Removing cjson.o(i.cJSON_IsNull), (18 bytes).
    Removing cjson.o(i.cJSON_IsNumber), (18 bytes).
    Removing cjson.o(i.cJSON_IsObject), (18 bytes).
    Removing cjson.o(i.cJSON_IsRaw), (18 bytes).
    Removing cjson.o(i.cJSON_IsString), (18 bytes).
    Removing cjson.o(i.cJSON_IsTrue), (18 bytes).
    Removing cjson.o(i.cJSON_Minify), (158 bytes).
    Removing cjson.o(i.cJSON_New_Item), (22 bytes).
    Removing cjson.o(i.cJSON_Parse), (8 bytes).
    Removing cjson.o(i.cJSON_ParseWithLength), (8 bytes).
    Removing cjson.o(i.cJSON_ParseWithLengthOpts), (220 bytes).
    Removing cjson.o(i.cJSON_ParseWithOpts), (34 bytes).
    Removing cjson.o(i.cJSON_Print), (12 bytes).
    Removing cjson.o(i.cJSON_PrintBuffered), (88 bytes).
    Removing cjson.o(i.cJSON_PrintPreallocated), (72 bytes).
    Removing cjson.o(i.cJSON_PrintUnformatted), (12 bytes).
    Removing cjson.o(i.cJSON_ReplaceItemInArray), (32 bytes).
    Removing cjson.o(i.cJSON_ReplaceItemInObject), (6 bytes).
    Removing cjson.o(i.cJSON_ReplaceItemInObjectCaseSensitive), (6 bytes).
    Removing cjson.o(i.cJSON_ReplaceItemViaPointer), (78 bytes).
    Removing cjson.o(i.cJSON_SetNumberHelper), (80 bytes).
    Removing cjson.o(i.cJSON_SetValuestring), (80 bytes).
    Removing cjson.o(i.cJSON_Version), (40 bytes).
    Removing cjson.o(i.cJSON_free), (12 bytes).
    Removing cjson.o(i.cJSON_malloc), (12 bytes).
    Removing cjson.o(i.cJSON_strdup), (40 bytes).
    Removing cjson.o(i.compare_double), (88 bytes).
    Removing cjson.o(i.create_reference), (48 bytes).
    Removing cjson.o(i.ensure), (138 bytes).
    Removing cjson.o(i.get_array_item), (22 bytes).
    Removing cjson.o(i.get_object_item), (122 bytes).
    Removing cjson.o(i.minify_string), (92 bytes).
    Removing cjson.o(i.parse_array), (208 bytes).
    Removing cjson.o(i.parse_hex4), (64 bytes).
    Removing cjson.o(i.parse_number), (240 bytes).
    Removing cjson.o(i.parse_object), (266 bytes).
    Removing cjson.o(i.parse_string), (290 bytes).
    Removing cjson.o(i.parse_value), (252 bytes).
    Removing cjson.o(i.print), (152 bytes).
    Removing cjson.o(i.print_array), (150 bytes).
    Removing cjson.o(i.print_number), (240 bytes).
    Removing cjson.o(i.print_object), (310 bytes).
    Removing cjson.o(i.print_string_ptr), (272 bytes).
    Removing cjson.o(i.print_value), (208 bytes).
    Removing cjson.o(i.replace_item_in_object), (84 bytes).
    Removing cjson.o(i.update_offset), (28 bytes).
    Removing cjson.o(i.utf16_literal_to_utf8), (208 bytes).
    Removing cjson.o(.bss), (15 bytes).
    Removing cjson.o(.data), (20 bytes).
    Removing hc_sr04.o(.rev16_text), (4 bytes).
    Removing hc_sr04.o(.revsh_text), (4 bytes).
    Removing hc_sr04.o(.rrx_text), (6 bytes).
    Removing fscalb.o(.text), (24 bytes).
    Removing ffltui.o(.text), (10 bytes).
    Removing dflti.o(.text), (34 bytes).
    Removing dfixi.o(.text), (62 bytes).
    Removing cdcmple.o(.text), (48 bytes).
    Removing dfltul.o(.text), (24 bytes).

563 unused section(s) (total 38995 bytes) removed from the image.

==============================================================================

Image Symbol Table

    Local Symbols

    Symbol Name                              Value     Ov Type        Size  Object(Section)

    ../Core/Src/adc.c                        0x00000000   Number         0  adc.o ABSOLUTE
    ../Core/Src/gpio.c                       0x00000000   Number         0  gpio.o ABSOLUTE
    ../Core/Src/main.c                       0x00000000   Number         0  main.o ABSOLUTE
    ../Core/Src/stm32f1xx_hal_msp.c          0x00000000   Number         0  stm32f1xx_hal_msp.o ABSOLUTE
    ../Core/Src/stm32f1xx_it.c               0x00000000   Number         0  stm32f1xx_it.o ABSOLUTE
    ../Core/Src/system_stm32f1xx.c           0x00000000   Number         0  system_stm32f1xx.o ABSOLUTE
    ../Core/Src/tim.c                        0x00000000   Number         0  tim.o ABSOLUTE
    ../Core/Src/usart.c                      0x00000000   Number         0  usart.o ABSOLUTE
    ../Drivers/STM32F1xx_HAL_Driver/Src/stm32f1xx_hal.c 0x00000000   Number         0  stm32f1xx_hal.o ABSOLUTE
    ../Drivers/STM32F1xx_HAL_Driver/Src/stm32f1xx_hal_adc.c 0x00000000   Number         0  stm32f1xx_hal_adc.o ABSOLUTE
    ../Drivers/STM32F1xx_HAL_Driver/Src/stm32f1xx_hal_adc_ex.c 0x00000000   Number         0  stm32f1xx_hal_adc_ex.o ABSOLUTE
    ../Drivers/STM32F1xx_HAL_Driver/Src/stm32f1xx_hal_cortex.c 0x00000000   Number         0  stm32f1xx_hal_cortex.o ABSOLUTE
    ../Drivers/STM32F1xx_HAL_Driver/Src/stm32f1xx_hal_dma.c 0x00000000   Number         0  stm32f1xx_hal_dma.o ABSOLUTE
    ../Drivers/STM32F1xx_HAL_Driver/Src/stm32f1xx_hal_exti.c 0x00000000   Number         0  stm32f1xx_hal_exti.o ABSOLUTE
    ../Drivers/STM32F1xx_HAL_Driver/Src/stm32f1xx_hal_flash.c 0x00000000   Number         0  stm32f1xx_hal_flash.o ABSOLUTE
    ../Drivers/STM32F1xx_HAL_Driver/Src/stm32f1xx_hal_flash_ex.c 0x00000000   Number         0  stm32f1xx_hal_flash_ex.o ABSOLUTE
    ../Drivers/STM32F1xx_HAL_Driver/Src/stm32f1xx_hal_gpio.c 0x00000000   Number         0  stm32f1xx_hal_gpio.o ABSOLUTE
    ../Drivers/STM32F1xx_HAL_Driver/Src/stm32f1xx_hal_gpio_ex.c 0x00000000   Number         0  stm32f1xx_hal_gpio_ex.o ABSOLUTE
    ../Drivers/STM32F1xx_HAL_Driver/Src/stm32f1xx_hal_pwr.c 0x00000000   Number         0  stm32f1xx_hal_pwr.o ABSOLUTE
    ../Drivers/STM32F1xx_HAL_Driver/Src/stm32f1xx_hal_rcc.c 0x00000000   Number         0  stm32f1xx_hal_rcc.o ABSOLUTE
    ../Drivers/STM32F1xx_HAL_Driver/Src/stm32f1xx_hal_rcc_ex.c 0x00000000   Number         0  stm32f1xx_hal_rcc_ex.o ABSOLUTE
    ../Drivers/STM32F1xx_HAL_Driver/Src/stm32f1xx_hal_tim.c 0x00000000   Number         0  stm32f1xx_hal_tim.o ABSOLUTE
    ../Drivers/STM32F1xx_HAL_Driver/Src/stm32f1xx_hal_tim_ex.c 0x00000000   Number         0  stm32f1xx_hal_tim_ex.o ABSOLUTE
    ../Drivers/STM32F1xx_HAL_Driver/Src/stm32f1xx_hal_uart.c 0x00000000   Number         0  stm32f1xx_hal_uart.o ABSOLUTE
    ../clib/microlib/ctype/ctype.c           0x00000000   Number         0  ctype_c.o ABSOLUTE
    ../clib/microlib/ctype/ctype.c           0x00000000   Number         0  isspace_c.o ABSOLUTE
    ../clib/microlib/ctype/tolower.c         0x00000000   Number         0  tolower.o ABSOLUTE
    ../clib/microlib/division.c              0x00000000   Number         0  uldiv.o ABSOLUTE
    ../clib/microlib/division.c              0x00000000   Number         0  uidiv.o ABSOLUTE
    ../clib/microlib/init/entry.s            0x00000000   Number         0  entry7a.o ABSOLUTE
    ../clib/microlib/init/entry.s            0x00000000   Number         0  entry8b.o ABSOLUTE
    ../clib/microlib/init/entry.s            0x00000000   Number         0  entry10a.o ABSOLUTE
    ../clib/microlib/init/entry.s            0x00000000   Number         0  entry9a.o ABSOLUTE
    ../clib/microlib/init/entry.s            0x00000000   Number         0  entry.o ABSOLUTE
    ../clib/microlib/init/entry.s            0x00000000   Number         0  entry9b.o ABSOLUTE
    ../clib/microlib/init/entry.s            0x00000000   Number         0  entry2.o ABSOLUTE
    ../clib/microlib/init/entry.s            0x00000000   Number         0  entry5.o ABSOLUTE
    ../clib/microlib/init/entry.s            0x00000000   Number         0  entry7b.o ABSOLUTE
    ../clib/microlib/init/entry.s            0x00000000   Number         0  entry8a.o ABSOLUTE
    ../clib/microlib/init/entry.s            0x00000000   Number         0  entry11a.o ABSOLUTE
    ../clib/microlib/init/entry.s            0x00000000   Number         0  entry11b.o ABSOLUTE
    ../clib/microlib/init/entry.s            0x00000000   Number         0  entry10b.o ABSOLUTE
    ../clib/microlib/longlong.c              0x00000000   Number         0  llushr.o ABSOLUTE
    ../clib/microlib/longlong.c              0x00000000   Number         0  llsshr.o ABSOLUTE
    ../clib/microlib/longlong.c              0x00000000   Number         0  llshl.o ABSOLUTE
    ../clib/microlib/malloc/malloc.c         0x00000000   Number         0  mallocra.o ABSOLUTE
    ../clib/microlib/malloc/malloc.c         0x00000000   Number         0  malloc.o ABSOLUTE
    ../clib/microlib/malloc/malloc.c         0x00000000   Number         0  mallocr.o ABSOLUTE
    ../clib/microlib/malloc/malloc.c         0x00000000   Number         0  malloca.o ABSOLUTE
    ../clib/microlib/malloc/mvars.c          0x00000000   Number         0  mvars.o ABSOLUTE
    ../clib/microlib/printf/printf.c         0x00000000   Number         0  printfb.o ABSOLUTE
    ../clib/microlib/printf/printf.c         0x00000000   Number         0  printf4.o ABSOLUTE
    ../clib/microlib/printf/printf.c         0x00000000   Number         0  printf3.o ABSOLUTE
    ../clib/microlib/printf/printf.c         0x00000000   Number         0  printf1.o ABSOLUTE
    ../clib/microlib/printf/printf.c         0x00000000   Number         0  printf0.o ABSOLUTE
    ../clib/microlib/printf/printf.c         0x00000000   Number         0  printf2.o ABSOLUTE
    ../clib/microlib/printf/printf.c         0x00000000   Number         0  printfa.o ABSOLUTE
    ../clib/microlib/printf/printf.c         0x00000000   Number         0  printf8.o ABSOLUTE
    ../clib/microlib/printf/printf.c         0x00000000   Number         0  printf7.o ABSOLUTE
    ../clib/microlib/printf/printf.c         0x00000000   Number         0  printf6.o ABSOLUTE
    ../clib/microlib/printf/printf.c         0x00000000   Number         0  printf5.o ABSOLUTE
    ../clib/microlib/printf/stubs.s          0x00000000   Number         0  stubs.o ABSOLUTE
    ../clib/microlib/stdio/streams.c         0x00000000   Number         0  stdout.o ABSOLUTE
    ../clib/microlib/string/memcpy.c         0x00000000   Number         0  memcpyb.o ABSOLUTE
    ../clib/microlib/string/memcpy.c         0x00000000   Number         0  memcpya.o ABSOLUTE
    ../clib/microlib/string/memset.c         0x00000000   Number         0  memseta.o ABSOLUTE
    ../clib/microlib/string/strcmp.c         0x00000000   Number         0  strcmp.o ABSOLUTE
    ../clib/microlib/string/strcpy.c         0x00000000   Number         0  strcpy.o ABSOLUTE
    ../clib/microlib/string/strlen.c         0x00000000   Number         0  strlen.o ABSOLUTE
    ../clib/microlib/string/strncmp.c        0x00000000   Number         0  strncmp.o ABSOLUTE
    ../clib/microlib/stubs.s                 0x00000000   Number         0  iusefp.o ABSOLUTE
    ../clib/scanf.c                          0x00000000   Number         0  scanf_char.o ABSOLUTE
    ../clib/scanf.c                          0x00000000   Number         0  strtod.o ABSOLUTE
    ../clib/scanf.c                          0x00000000   Number         0  scanf_fp.o ABSOLUTE
    ../clib/scanf.c                          0x00000000   Number         0  __0sscanf.o ABSOLUTE
    ../clib/scanf.c                          0x00000000   Number         0  _sgetc.o ABSOLUTE
    ../clib/scanf.c                          0x00000000   Number         0  _scanf.o ABSOLUTE
    ../fplib/microlib/d2f.c                  0x00000000   Number         0  d2f.o ABSOLUTE
    ../fplib/microlib/f2d.c                  0x00000000   Number         0  f2d.o ABSOLUTE
    ../fplib/microlib/fpadd.c                0x00000000   Number         0  fadd.o ABSOLUTE
    ../fplib/microlib/fpadd.c                0x00000000   Number         0  dadd.o ABSOLUTE
    ../fplib/microlib/fpdiv.c                0x00000000   Number         0  ddiv.o ABSOLUTE
    ../fplib/microlib/fpepilogue.c           0x00000000   Number         0  fepilogue.o ABSOLUTE
    ../fplib/microlib/fpepilogue.c           0x00000000   Number         0  depilogue.o ABSOLUTE
    ../fplib/microlib/fpfix.c                0x00000000   Number         0  dfixi.o ABSOLUTE
    ../fplib/microlib/fpfix.c                0x00000000   Number         0  ffixi.o ABSOLUTE
    ../fplib/microlib/fpfix.c                0x00000000   Number         0  dfixul.o ABSOLUTE
    ../fplib/microlib/fpflt.c                0x00000000   Number         0  dfltul.o ABSOLUTE
    ../fplib/microlib/fpflt.c                0x00000000   Number         0  dfltui.o ABSOLUTE
    ../fplib/microlib/fpflt.c                0x00000000   Number         0  dflti.o ABSOLUTE
    ../fplib/microlib/fpflt.c                0x00000000   Number         0  ffltui.o ABSOLUTE
    ../fplib/microlib/fpflt.c                0x00000000   Number         0  fflti.o ABSOLUTE
    ../fplib/microlib/fpmul.c                0x00000000   Number         0  dmul.o ABSOLUTE
    ../fplib/microlib/fpmul.c                0x00000000   Number         0  fmul.o ABSOLUTE
    ../fplib/microlib/fpscalb.c              0x00000000   Number         0  fscalb.o ABSOLUTE
    ../fplib/microlib/fpscalb.c              0x00000000   Number         0  dscalb.o ABSOLUTE
    ../mathlib/strtod.c                      0x00000000   Number         0  strtod.o ABSOLUTE
    ..\Core\Src\adc.c                        0x00000000   Number         0  adc.o ABSOLUTE
    ..\Core\Src\gpio.c                       0x00000000   Number         0  gpio.o ABSOLUTE
    ..\Core\Src\main.c                       0x00000000   Number         0  main.o ABSOLUTE
    ..\Core\Src\stm32f1xx_hal_msp.c          0x00000000   Number         0  stm32f1xx_hal_msp.o ABSOLUTE
    ..\Core\Src\stm32f1xx_it.c               0x00000000   Number         0  stm32f1xx_it.o ABSOLUTE
    ..\Core\Src\system_stm32f1xx.c           0x00000000   Number         0  system_stm32f1xx.o ABSOLUTE
    ..\Core\Src\tim.c                        0x00000000   Number         0  tim.o ABSOLUTE
    ..\Core\Src\usart.c                      0x00000000   Number         0  usart.o ABSOLUTE
    ..\Drivers\STM32F1xx_HAL_Driver\Src\stm32f1xx_hal.c 0x00000000   Number         0  stm32f1xx_hal.o ABSOLUTE
    ..\Drivers\STM32F1xx_HAL_Driver\Src\stm32f1xx_hal_adc.c 0x00000000   Number         0  stm32f1xx_hal_adc.o ABSOLUTE
    ..\Drivers\STM32F1xx_HAL_Driver\Src\stm32f1xx_hal_adc_ex.c 0x00000000   Number         0  stm32f1xx_hal_adc_ex.o ABSOLUTE
    ..\Drivers\STM32F1xx_HAL_Driver\Src\stm32f1xx_hal_cortex.c 0x00000000   Number         0  stm32f1xx_hal_cortex.o ABSOLUTE
    ..\Drivers\STM32F1xx_HAL_Driver\Src\stm32f1xx_hal_dma.c 0x00000000   Number         0  stm32f1xx_hal_dma.o ABSOLUTE
    ..\Drivers\STM32F1xx_HAL_Driver\Src\stm32f1xx_hal_exti.c 0x00000000   Number         0  stm32f1xx_hal_exti.o ABSOLUTE
    ..\Drivers\STM32F1xx_HAL_Driver\Src\stm32f1xx_hal_flash.c 0x00000000   Number         0  stm32f1xx_hal_flash.o ABSOLUTE
    ..\Drivers\STM32F1xx_HAL_Driver\Src\stm32f1xx_hal_flash_ex.c 0x00000000   Number         0  stm32f1xx_hal_flash_ex.o ABSOLUTE
    ..\Drivers\STM32F1xx_HAL_Driver\Src\stm32f1xx_hal_gpio.c 0x00000000   Number         0  stm32f1xx_hal_gpio.o ABSOLUTE
    ..\Drivers\STM32F1xx_HAL_Driver\Src\stm32f1xx_hal_gpio_ex.c 0x00000000   Number         0  stm32f1xx_hal_gpio_ex.o ABSOLUTE
    ..\Drivers\STM32F1xx_HAL_Driver\Src\stm32f1xx_hal_pwr.c 0x00000000   Number         0  stm32f1xx_hal_pwr.o ABSOLUTE
    ..\Drivers\STM32F1xx_HAL_Driver\Src\stm32f1xx_hal_rcc.c 0x00000000   Number         0  stm32f1xx_hal_rcc.o ABSOLUTE
    ..\Drivers\STM32F1xx_HAL_Driver\Src\stm32f1xx_hal_rcc_ex.c 0x00000000   Number         0  stm32f1xx_hal_rcc_ex.o ABSOLUTE
    ..\Drivers\STM32F1xx_HAL_Driver\Src\stm32f1xx_hal_tim.c 0x00000000   Number         0  stm32f1xx_hal_tim.o ABSOLUTE
    ..\Drivers\STM32F1xx_HAL_Driver\Src\stm32f1xx_hal_tim_ex.c 0x00000000   Number         0  stm32f1xx_hal_tim_ex.o ABSOLUTE
    ..\Drivers\STM32F1xx_HAL_Driver\Src\stm32f1xx_hal_uart.c 0x00000000   Number         0  stm32f1xx_hal_uart.o ABSOLUTE
    ..\HARDWARE\CJSON\cJSON.c                0x00000000   Number         0  cjson.o ABSOLUTE
    ..\HARDWARE\HC_SR04\HC_SR04.c            0x00000000   Number         0  hc_sr04.o ABSOLUTE
    ..\HARDWARE\MOTOR\motor.c                0x00000000   Number         0  motor.o ABSOLUTE
    ..\HARDWARE\NIMING\niming.c              0x00000000   Number         0  niming.o ABSOLUTE
    ..\HARDWARE\OLED\oled.c                  0x00000000   Number         0  oled.o ABSOLUTE
    ..\HARDWARE\PID\pid.c                    0x00000000   Number         0  pid.o ABSOLUTE
    ..\\HARDWARE\\HC_SR04\\HC_SR04.c         0x00000000   Number         0  hc_sr04.o ABSOLUTE
    ..\\HARDWARE\\MOTOR\\motor.c             0x00000000   Number         0  motor.o ABSOLUTE
    ..\\HARDWARE\\NIMING\\niming.c           0x00000000   Number         0  niming.o ABSOLUTE
    ..\\HARDWARE\\OLED\\oled.c               0x00000000   Number         0  oled.o ABSOLUTE
    ..\\HARDWARE\\PID\\pid.c                 0x00000000   Number         0  pid.o ABSOLUTE
    cdcmple.s                                0x00000000   Number         0  cdcmple.o ABSOLUTE
    cdrcmple.s                               0x00000000   Number         0  cdrcmple.o ABSOLUTE
    dc.s                                     0x00000000   Number         0  dc.o ABSOLUTE
    handlers.s                               0x00000000   Number         0  handlers.o ABSOLUTE
    init.s                                   0x00000000   Number         0  init.o ABSOLUTE
    startup_stm32f103xb.s                    0x00000000   Number         0  startup_stm32f103xb.o ABSOLUTE
    RESET                                    0x08000000   Section      236  startup_stm32f103xb.o(RESET)
    .ARM.Collect$$$$00000000                 0x080000ec   Section        0  entry.o(.ARM.Collect$$$$00000000)
    .ARM.Collect$$$$00000001                 0x080000ec   Section        4  entry2.o(.ARM.Collect$$$$00000001)
    .ARM.Collect$$$$00000004                 0x080000f0   Section        4  entry5.o(.ARM.Collect$$$$00000004)
    .ARM.Collect$$$$00000008                 0x080000f4   Section        0  entry7b.o(.ARM.Collect$$$$00000008)
    .ARM.Collect$$$$0000000A                 0x080000f4   Section        0  entry8b.o(.ARM.Collect$$$$0000000A)
    .ARM.Collect$$$$0000000B                 0x080000f4   Section        8  entry9a.o(.ARM.Collect$$$$0000000B)
    .ARM.Collect$$$$0000000D                 0x080000fc   Section        0  entry10a.o(.ARM.Collect$$$$0000000D)
    .ARM.Collect$$$$0000000F                 0x080000fc   Section        0  entry11a.o(.ARM.Collect$$$$0000000F)
    .ARM.Collect$$$$00002712                 0x080000fc   Section        4  entry2.o(.ARM.Collect$$$$00002712)
    __lit__00000000                          0x080000fc   Data           4  entry2.o(.ARM.Collect$$$$00002712)
    .text                                    0x08000100   Section       36  startup_stm32f103xb.o(.text)
    .text                                    0x08000124   Section        0  llushr.o(.text)
    .text                                    0x08000144   Section        0  memseta.o(.text)
    .text                                    0x08000168   Section        0  strlen.o(.text)
    .text                                    0x08000176   Section        0  fadd.o(.text)
    .text                                    0x08000226   Section        0  fmul.o(.text)
    .text                                    0x0800028a   Section        0  dadd.o(.text)
    .text                                    0x080003d8   Section        0  dmul.o(.text)
    .text                                    0x080004bc   Section        0  ddiv.o(.text)
    .text                                    0x0800059a   Section        0  dscalb.o(.text)
    .text                                    0x080005c8   Section        0  fflti.o(.text)
    .text                                    0x080005da   Section        0  dfltui.o(.text)
    .text                                    0x080005f4   Section        0  ffixi.o(.text)
    .text                                    0x08000626   Section        0  f2d.o(.text)
    .text                                    0x0800064c   Section       48  cdrcmple.o(.text)
    .text                                    0x0800067c   Section        0  d2f.o(.text)
    .text                                    0x080006b4   Section        0  uidiv.o(.text)
    .text                                    0x080006e0   Section        0  uldiv.o(.text)
    .text                                    0x08000742   Section        0  llshl.o(.text)
    .text                                    0x08000760   Section        0  llsshr.o(.text)
    .text                                    0x08000784   Section        0  iusefp.o(.text)
    .text                                    0x08000784   Section        0  fepilogue.o(.text)
    .text                                    0x080007f2   Section        0  depilogue.o(.text)
    .text                                    0x080008ac   Section        0  dfixul.o(.text)
    .text                                    0x080008dc   Section       36  init.o(.text)
    i.ADC_ConversionStop_Disable             0x08000900   Section        0  stm32f1xx_hal_adc.o(i.ADC_ConversionStop_Disable)
    i.BusFault_Handler                       0x08000954   Section        0  stm32f1xx_it.o(i.BusFault_Handler)
    i.DebugMon_Handler                       0x08000956   Section        0  stm32f1xx_it.o(i.DebugMon_Handler)
    i.EXTI15_10_IRQHandler                   0x08000958   Section        0  stm32f1xx_it.o(i.EXTI15_10_IRQHandler)
    i.EXTI4_IRQHandler                       0x08000960   Section        0  stm32f1xx_it.o(i.EXTI4_IRQHandler)
    i.Error_Handler                          0x08000966   Section        0  main.o(i.Error_Handler)
    i.HAL_ADC_ConfigChannel                  0x0800096c   Section        0  stm32f1xx_hal_adc.o(i.HAL_ADC_ConfigChannel)
    i.HAL_ADC_Init                           0x08000a68   Section        0  stm32f1xx_hal_adc.o(i.HAL_ADC_Init)
    i.HAL_ADC_MspInit                        0x08000b84   Section        0  adc.o(i.HAL_ADC_MspInit)
    i.HAL_DMA_Abort                          0x08000bdc   Section        0  stm32f1xx_hal_dma.o(i.HAL_DMA_Abort)
    i.HAL_DMA_Abort_IT                       0x08000c24   Section        0  stm32f1xx_hal_dma.o(i.HAL_DMA_Abort_IT)
    i.HAL_Delay                              0x08000cbc   Section        0  stm32f1xx_hal.o(i.HAL_Delay)
    i.HAL_GPIO_EXTI_Callback                 0x08000ce0   Section        0  stm32f1xx_hal_gpio.o(i.HAL_GPIO_EXTI_Callback)
    i.HAL_GPIO_EXTI_IRQHandler               0x08000ce4   Section        0  stm32f1xx_hal_gpio.o(i.HAL_GPIO_EXTI_IRQHandler)
    i.HAL_GPIO_Init                          0x08000cfc   Section        0  stm32f1xx_hal_gpio.o(i.HAL_GPIO_Init)
    i.HAL_GPIO_ReadPin                       0x08000ec8   Section        0  stm32f1xx_hal_gpio.o(i.HAL_GPIO_ReadPin)
    i.HAL_GPIO_WritePin                      0x08000ed2   Section        0  stm32f1xx_hal_gpio.o(i.HAL_GPIO_WritePin)
    i.HAL_GetTick                            0x08000edc   Section        0  stm32f1xx_hal.o(i.HAL_GetTick)
    i.HAL_IncTick                            0x08000ee8   Section        0  stm32f1xx_hal.o(i.HAL_IncTick)
    i.HAL_Init                               0x08000ef8   Section        0  stm32f1xx_hal.o(i.HAL_Init)
    i.HAL_InitTick                           0x08000f1c   Section        0  stm32f1xx_hal.o(i.HAL_InitTick)
    i.HAL_MspInit                            0x08000f5c   Section        0  stm32f1xx_hal_msp.o(i.HAL_MspInit)
    i.HAL_NVIC_EnableIRQ                     0x08000f98   Section        0  stm32f1xx_hal_cortex.o(i.HAL_NVIC_EnableIRQ)
    i.HAL_NVIC_SetPriority                   0x08000fb4   Section        0  stm32f1xx_hal_cortex.o(i.HAL_NVIC_SetPriority)
    i.HAL_NVIC_SetPriorityGrouping           0x08000ff4   Section        0  stm32f1xx_hal_cortex.o(i.HAL_NVIC_SetPriorityGrouping)
    i.HAL_RCCEx_PeriphCLKConfig              0x08001018   Section        0  stm32f1xx_hal_rcc_ex.o(i.HAL_RCCEx_PeriphCLKConfig)
    i.HAL_RCC_ClockConfig                    0x08001100   Section        0  stm32f1xx_hal_rcc.o(i.HAL_RCC_ClockConfig)
    i.HAL_RCC_GetPCLK1Freq                   0x08001238   Section        0  stm32f1xx_hal_rcc.o(i.HAL_RCC_GetPCLK1Freq)
    i.HAL_RCC_GetPCLK2Freq                   0x08001258   Section        0  stm32f1xx_hal_rcc.o(i.HAL_RCC_GetPCLK2Freq)
    i.HAL_RCC_GetSysClockFreq                0x08001278   Section        0  stm32f1xx_hal_rcc.o(i.HAL_RCC_GetSysClockFreq)
    i.HAL_RCC_OscConfig                      0x080012e4   Section        0  stm32f1xx_hal_rcc.o(i.HAL_RCC_OscConfig)
    i.HAL_SYSTICK_Config                     0x080015fc   Section        0  stm32f1xx_hal_cortex.o(i.HAL_SYSTICK_Config)
    i.HAL_TIMEx_BreakCallback                0x08001624   Section        0  stm32f1xx_hal_tim_ex.o(i.HAL_TIMEx_BreakCallback)
    i.HAL_TIMEx_CommutCallback               0x08001626   Section        0  stm32f1xx_hal_tim_ex.o(i.HAL_TIMEx_CommutCallback)
    i.HAL_TIMEx_ConfigBreakDeadTime          0x08001628   Section        0  stm32f1xx_hal_tim_ex.o(i.HAL_TIMEx_ConfigBreakDeadTime)
    i.HAL_TIMEx_MasterConfigSynchronization  0x0800167c   Section        0  stm32f1xx_hal_tim_ex.o(i.HAL_TIMEx_MasterConfigSynchronization)
    i.HAL_TIM_Base_Init                      0x080016e4   Section        0  stm32f1xx_hal_tim.o(i.HAL_TIM_Base_Init)
    i.HAL_TIM_Base_MspInit                   0x08001740   Section        0  tim.o(i.HAL_TIM_Base_MspInit)
    i.HAL_TIM_Base_Start_IT                  0x0800177c   Section        0  stm32f1xx_hal_tim.o(i.HAL_TIM_Base_Start_IT)
    i.HAL_TIM_ConfigClockSource              0x080017d4   Section        0  stm32f1xx_hal_tim.o(i.HAL_TIM_ConfigClockSource)
    i.HAL_TIM_Encoder_Init                   0x080018aa   Section        0  stm32f1xx_hal_tim.o(i.HAL_TIM_Encoder_Init)
    i.HAL_TIM_Encoder_MspInit                0x08001950   Section        0  tim.o(i.HAL_TIM_Encoder_MspInit)
    i.HAL_TIM_Encoder_Start                  0x08001a00   Section        0  stm32f1xx_hal_tim.o(i.HAL_TIM_Encoder_Start)
    i.HAL_TIM_IC_CaptureCallback             0x08001a92   Section        0  stm32f1xx_hal_tim.o(i.HAL_TIM_IC_CaptureCallback)
    i.HAL_TIM_IRQHandler                     0x08001a94   Section        0  stm32f1xx_hal_tim.o(i.HAL_TIM_IRQHandler)
    i.HAL_TIM_MspPostInit                    0x08001bfc   Section        0  tim.o(i.HAL_TIM_MspPostInit)
    i.HAL_TIM_OC_DelayElapsedCallback        0x08001c48   Section        0  stm32f1xx_hal_tim.o(i.HAL_TIM_OC_DelayElapsedCallback)
    i.HAL_TIM_PWM_ConfigChannel              0x08001c4a   Section        0  stm32f1xx_hal_tim.o(i.HAL_TIM_PWM_ConfigChannel)
    i.HAL_TIM_PWM_Init                       0x08001d10   Section        0  stm32f1xx_hal_tim.o(i.HAL_TIM_PWM_Init)
    i.HAL_TIM_PWM_MspInit                    0x08001d6a   Section        0  stm32f1xx_hal_tim.o(i.HAL_TIM_PWM_MspInit)
    i.HAL_TIM_PWM_PulseFinishedCallback      0x08001d6c   Section        0  stm32f1xx_hal_tim.o(i.HAL_TIM_PWM_PulseFinishedCallback)
    i.HAL_TIM_PWM_Start                      0x08001d70   Section        0  stm32f1xx_hal_tim.o(i.HAL_TIM_PWM_Start)
    i.HAL_TIM_PeriodElapsedCallback          0x08001e10   Section        0  stm32f1xx_it.o(i.HAL_TIM_PeriodElapsedCallback)
    i.HAL_TIM_TriggerCallback                0x08001f54   Section        0  stm32f1xx_hal_tim.o(i.HAL_TIM_TriggerCallback)
    i.HAL_UARTEx_RxEventCallback             0x08001f56   Section        0  stm32f1xx_hal_uart.o(i.HAL_UARTEx_RxEventCallback)
    i.HAL_UART_ErrorCallback                 0x08001f58   Section        0  stm32f1xx_hal_uart.o(i.HAL_UART_ErrorCallback)
    i.HAL_UART_IRQHandler                    0x08001f5c   Section        0  stm32f1xx_hal_uart.o(i.HAL_UART_IRQHandler)
    i.HAL_UART_Init                          0x08002168   Section        0  stm32f1xx_hal_uart.o(i.HAL_UART_Init)
    i.HAL_UART_MspInit                       0x080021cc   Section        0  usart.o(i.HAL_UART_MspInit)
    i.HAL_UART_Receive                       0x080022f4   Section        0  stm32f1xx_hal_uart.o(i.HAL_UART_Receive)
    i.HAL_UART_RxCpltCallback                0x080023b8   Section        0  stm32f1xx_hal_uart.o(i.HAL_UART_RxCpltCallback)
    i.HAL_UART_Transmit                      0x080023ba   Section        0  stm32f1xx_hal_uart.o(i.HAL_UART_Transmit)
    i.HAL_UART_TxCpltCallback                0x0800246a   Section        0  stm32f1xx_hal_uart.o(i.HAL_UART_TxCpltCallback)
    i.HC_SR04_Delayus                        0x0800246c   Section        0  hc_sr04.o(i.HC_SR04_Delayus)
    i.HC_SR04_Read                           0x08002490   Section        0  hc_sr04.o(i.HC_SR04_Read)
    i.HardFault_Handler                      0x0800252c   Section        0  stm32f1xx_it.o(i.HardFault_Handler)
    i.IIC_Start                              0x08002530   Section        0  oled.o(i.IIC_Start)
    i.IIC_Stop                               0x08002570   Section        0  oled.o(i.IIC_Stop)
    i.IIC_Wait_Ack                           0x080025a4   Section        0  oled.o(i.IIC_Wait_Ack)
    i.MX_ADC2_Init                           0x080025c8   Section        0  adc.o(i.MX_ADC2_Init)
    i.MX_GPIO_Init                           0x08002618   Section        0  gpio.o(i.MX_GPIO_Init)
    i.MX_TIM1_Init                           0x08002770   Section        0  tim.o(i.MX_TIM1_Init)
    i.MX_TIM2_Init                           0x0800284c   Section        0  tim.o(i.MX_TIM2_Init)
    i.MX_TIM4_Init                           0x080028b8   Section        0  tim.o(i.MX_TIM4_Init)
    i.MX_USART1_UART_Init                    0x08002924   Section        0  usart.o(i.MX_USART1_UART_Init)
    i.MX_USART2_UART_Init                    0x0800295c   Section        0  usart.o(i.MX_USART2_UART_Init)
    i.MX_USART3_UART_Init                    0x08002994   Section        0  usart.o(i.MX_USART3_UART_Init)
    i.MemManage_Handler                      0x080029cc   Section        0  stm32f1xx_it.o(i.MemManage_Handler)
    i.Motor_Set                              0x080029d0   Section        0  motor.o(i.Motor_Set)
    i.NMI_Handler                            0x08002a44   Section        0  stm32f1xx_it.o(i.NMI_Handler)
    i.OLED_Clear                             0x08002a46   Section        0  oled.o(i.OLED_Clear)
    i.OLED_Init                              0x08002a80   Section        0  oled.o(i.OLED_Init)
    i.OLED_Set_Pos                           0x08002b66   Section        0  oled.o(i.OLED_Set_Pos)
    i.OLED_ShowChar                          0x08002b90   Section        0  oled.o(i.OLED_ShowChar)
    i.OLED_ShowString                        0x08002c18   Section        0  oled.o(i.OLED_ShowString)
    i.OLED_WR_Byte                           0x08002c4e   Section        0  oled.o(i.OLED_WR_Byte)
    i.PID_init                               0x08002c5c   Section        0  pid.o(i.PID_init)
    i.PID_realize                            0x08002c94   Section        0  pid.o(i.PID_realize)
    i.PendSV_Handler                         0x08002ce6   Section        0  stm32f1xx_it.o(i.PendSV_Handler)
    i.SVC_Handler                            0x08002ce8   Section        0  stm32f1xx_it.o(i.SVC_Handler)
    i.SysTick_Handler                        0x08002cea   Section        0  stm32f1xx_it.o(i.SysTick_Handler)
    i.SystemClock_Config                     0x08002cee   Section        0  main.o(i.SystemClock_Config)
    i.SystemInit                             0x08002d68   Section        0  system_stm32f1xx.o(i.SystemInit)
    i.TIM1_UP_IRQHandler                     0x08002d6c   Section        0  stm32f1xx_it.o(i.TIM1_UP_IRQHandler)
    i.TIM2_IRQHandler                        0x08002d78   Section        0  stm32f1xx_it.o(i.TIM2_IRQHandler)
    i.TIM4_IRQHandler                        0x08002d84   Section        0  stm32f1xx_it.o(i.TIM4_IRQHandler)
    i.TIM_Base_SetConfig                     0x08002d90   Section        0  stm32f1xx_hal_tim.o(i.TIM_Base_SetConfig)
    i.TIM_CCxChannelCmd                      0x08002dfc   Section        0  stm32f1xx_hal_tim.o(i.TIM_CCxChannelCmd)
    i.TIM_ETR_SetConfig                      0x08002e16   Section        0  stm32f1xx_hal_tim.o(i.TIM_ETR_SetConfig)
    i.TIM_ITRx_SetConfig                     0x08002e2a   Section        0  stm32f1xx_hal_tim.o(i.TIM_ITRx_SetConfig)
    TIM_ITRx_SetConfig                       0x08002e2b   Thumb Code    16  stm32f1xx_hal_tim.o(i.TIM_ITRx_SetConfig)
    i.TIM_OC1_SetConfig                      0x08002e3c   Section        0  stm32f1xx_hal_tim.o(i.TIM_OC1_SetConfig)
    TIM_OC1_SetConfig                        0x08002e3d   Thumb Code    82  stm32f1xx_hal_tim.o(i.TIM_OC1_SetConfig)
    i.TIM_OC2_SetConfig                      0x08002e94   Section        0  stm32f1xx_hal_tim.o(i.TIM_OC2_SetConfig)
    i.TIM_OC3_SetConfig                      0x08002ef0   Section        0  stm32f1xx_hal_tim.o(i.TIM_OC3_SetConfig)
    TIM_OC3_SetConfig                        0x08002ef1   Thumb Code    84  stm32f1xx_hal_tim.o(i.TIM_OC3_SetConfig)
    i.TIM_OC4_SetConfig                      0x08002f48   Section        0  stm32f1xx_hal_tim.o(i.TIM_OC4_SetConfig)
    TIM_OC4_SetConfig                        0x08002f49   Thumb Code    64  stm32f1xx_hal_tim.o(i.TIM_OC4_SetConfig)
    i.TIM_TI1_ConfigInputStage               0x08002f8c   Section        0  stm32f1xx_hal_tim.o(i.TIM_TI1_ConfigInputStage)
    TIM_TI1_ConfigInputStage                 0x08002f8d   Thumb Code    34  stm32f1xx_hal_tim.o(i.TIM_TI1_ConfigInputStage)
    i.TIM_TI2_ConfigInputStage               0x08002fae   Section        0  stm32f1xx_hal_tim.o(i.TIM_TI2_ConfigInputStage)
    TIM_TI2_ConfigInputStage                 0x08002faf   Thumb Code    36  stm32f1xx_hal_tim.o(i.TIM_TI2_ConfigInputStage)
    i.UART_DMAAbortOnError                   0x08002fd2   Section        0  stm32f1xx_hal_uart.o(i.UART_DMAAbortOnError)
    UART_DMAAbortOnError                     0x08002fd3   Thumb Code    16  stm32f1xx_hal_uart.o(i.UART_DMAAbortOnError)
    i.UART_EndRxTransfer                     0x08002fe2   Section        0  stm32f1xx_hal_uart.o(i.UART_EndRxTransfer)
    UART_EndRxTransfer                       0x08002fe3   Thumb Code    48  stm32f1xx_hal_uart.o(i.UART_EndRxTransfer)
    i.UART_Receive_IT                        0x08003012   Section        0  stm32f1xx_hal_uart.o(i.UART_Receive_IT)
    UART_Receive_IT                          0x08003013   Thumb Code   182  stm32f1xx_hal_uart.o(i.UART_Receive_IT)
    i.UART_SetConfig                         0x080030c8   Section        0  stm32f1xx_hal_uart.o(i.UART_SetConfig)
    UART_SetConfig                           0x080030c9   Thumb Code   178  stm32f1xx_hal_uart.o(i.UART_SetConfig)
    i.UART_WaitOnFlagUntilTimeout            0x08003180   Section        0  stm32f1xx_hal_uart.o(i.UART_WaitOnFlagUntilTimeout)
    UART_WaitOnFlagUntilTimeout              0x08003181   Thumb Code    98  stm32f1xx_hal_uart.o(i.UART_WaitOnFlagUntilTimeout)
    i.USART1_IRQHandler                      0x080031e4   Section        0  stm32f1xx_it.o(i.USART1_IRQHandler)
    i.USART3_IRQHandler                      0x08003228   Section        0  stm32f1xx_it.o(i.USART3_IRQHandler)
    i.UsageFault_Handler                     0x08003234   Section        0  stm32f1xx_it.o(i.UsageFault_Handler)
    i.Write_IIC_Byte                         0x08003238   Section        0  oled.o(i.Write_IIC_Byte)
    i.Write_IIC_Command                      0x0800329c   Section        0  oled.o(i.Write_IIC_Command)
    i.Write_IIC_Data                         0x080032ca   Section        0  oled.o(i.Write_IIC_Data)
    i.__0printf                              0x080032f8   Section        0  printfa.o(i.__0printf)
    i.__0sprintf                             0x08003318   Section        0  printfa.o(i.__0sprintf)
    i.__NVIC_SetPriority                     0x08003340   Section        0  stm32f1xx_hal_cortex.o(i.__NVIC_SetPriority)
    __NVIC_SetPriority                       0x08003341   Thumb Code    32  stm32f1xx_hal_cortex.o(i.__NVIC_SetPriority)
    i.__scatterload_copy                     0x08003360   Section       14  handlers.o(i.__scatterload_copy)
    i.__scatterload_null                     0x0800336e   Section        2  handlers.o(i.__scatterload_null)
    i.__scatterload_zeroinit                 0x08003370   Section       14  handlers.o(i.__scatterload_zeroinit)
    i._fp_digits                             0x08003380   Section        0  printfa.o(i._fp_digits)
    _fp_digits                               0x08003381   Thumb Code   334  printfa.o(i._fp_digits)
    i._printf_core                           0x080034e4   Section        0  printfa.o(i._printf_core)
    _printf_core                             0x080034e5   Thumb Code  1744  printfa.o(i._printf_core)
    i._printf_post_padding                   0x08003bc0   Section        0  printfa.o(i._printf_post_padding)
    _printf_post_padding                     0x08003bc1   Thumb Code    36  printfa.o(i._printf_post_padding)
    i._printf_pre_padding                    0x08003be4   Section        0  printfa.o(i._printf_pre_padding)
    _printf_pre_padding                      0x08003be5   Thumb Code    46  printfa.o(i._printf_pre_padding)
    i._sputc                                 0x08003c12   Section        0  printfa.o(i._sputc)
    _sputc                                   0x08003c13   Thumb Code    10  printfa.o(i._sputc)
    i.fputc                                  0x08003c1c   Section        0  usart.o(i.fputc)
    i.main                                   0x08003c34   Section        0  main.o(i.main)
    i.motorPidSetSpeed                       0x08004f1c   Section        0  motor.o(i.motorPidSetSpeed)
    .constdata                               0x08004f60   Section       16  system_stm32f1xx.o(.constdata)
    .constdata                               0x08004f70   Section        8  system_stm32f1xx.o(.constdata)
    .constdata                               0x08004f78   Section     2072  oled.o(.constdata)
    .data                                    0x20000000   Section       20  stm32f1xx_it.o(.data)
    .data                                    0x20000014   Section       12  stm32f1xx_hal.o(.data)
    .data                                    0x20000020   Section        4  system_stm32f1xx.o(.data)
    .data                                    0x20000024   Section        4  stdout.o(.data)
    .bss                                     0x20000028   Section       55  main.o(.bss)
    .bss                                     0x20000060   Section       48  adc.o(.bss)
    .bss                                     0x20000090   Section      216  tim.o(.bss)
    .bss                                     0x20000168   Section      204  usart.o(.bss)
    .bss                                     0x20000234   Section      256  stm32f1xx_it.o(.bss)
    .bss                                     0x20000334   Section       64  pid.o(.bss)
    STACK                                    0x20000378   Section     2048  startup_stm32f103xb.o(STACK)

    Global Symbols

    Symbol Name                              Value     Ov Type        Size  Object(Section)

    BuildAttributes$$THM_ISAv4$P$D$K$B$S$PE$A:L22UL41UL21$X:L11$S22US41US21$IEEE1$IW$USESV6$~STKCKD$USESV7$~SHL$OTIME$ROPI$IEEEJ$EBA8$MICROLIB$REQ8$PRES8$EABIv2 0x00000000   Number         0  anon$$obj.o ABSOLUTE
    __ARM_use_no_argv                        0x00000000   Number         0  main.o ABSOLUTE
    _printf_a                                0x00000000   Number         0  stubs.o ABSOLUTE
    _printf_c                                0x00000000   Number         0  stubs.o ABSOLUTE
    _printf_charcount                        0x00000000   Number         0  stubs.o ABSOLUTE
    _printf_d                                0x00000000   Number         0  stubs.o ABSOLUTE
    _printf_e                                0x00000000   Number         0  stubs.o ABSOLUTE
    _printf_f                                0x00000000   Number         0  stubs.o ABSOLUTE
    _printf_flags                            0x00000000   Number         0  stubs.o ABSOLUTE
    _printf_fp_dec                           0x00000000   Number         0  stubs.o ABSOLUTE
    _printf_fp_hex                           0x00000000   Number         0  stubs.o ABSOLUTE
    _printf_g                                0x00000000   Number         0  stubs.o ABSOLUTE
    _printf_i                                0x00000000   Number         0  stubs.o ABSOLUTE
    _printf_int_dec                          0x00000000   Number         0  stubs.o ABSOLUTE
    _printf_l                                0x00000000   Number         0  stubs.o ABSOLUTE
    _printf_lc                               0x00000000   Number         0  stubs.o ABSOLUTE
    _printf_ll                               0x00000000   Number         0  stubs.o ABSOLUTE
    _printf_lld                              0x00000000   Number         0  stubs.o ABSOLUTE
    _printf_lli                              0x00000000   Number         0  stubs.o ABSOLUTE
    _printf_llo                              0x00000000   Number         0  stubs.o ABSOLUTE
    _printf_llu                              0x00000000   Number         0  stubs.o ABSOLUTE
    _printf_llx                              0x00000000   Number         0  stubs.o ABSOLUTE
    _printf_longlong_dec                     0x00000000   Number         0  stubs.o ABSOLUTE
    _printf_longlong_hex                     0x00000000   Number         0  stubs.o ABSOLUTE
    _printf_longlong_oct                     0x00000000   Number         0  stubs.o ABSOLUTE
    _printf_ls                               0x00000000   Number         0  stubs.o ABSOLUTE
    _printf_mbtowc                           0x00000000   Number         0  stubs.o ABSOLUTE
    _printf_n                                0x00000000   Number         0  stubs.o ABSOLUTE
    _printf_o                                0x00000000   Number         0  stubs.o ABSOLUTE
    _printf_p                                0x00000000   Number         0  stubs.o ABSOLUTE
    _printf_percent                          0x00000000   Number         0  stubs.o ABSOLUTE
    _printf_pre_padding                      0x00000000   Number         0  stubs.o ABSOLUTE
    _printf_return_value                     0x00000000   Number         0  stubs.o ABSOLUTE
    _printf_s                                0x00000000   Number         0  stubs.o ABSOLUTE
    _printf_sizespec                         0x00000000   Number         0  stubs.o ABSOLUTE
    _printf_str                              0x00000000   Number         0  stubs.o ABSOLUTE
    _printf_truncate_signed                  0x00000000   Number         0  stubs.o ABSOLUTE
    _printf_truncate_unsigned                0x00000000   Number         0  stubs.o ABSOLUTE
    _printf_u                                0x00000000   Number         0  stubs.o ABSOLUTE
    _printf_wc                               0x00000000   Number         0  stubs.o ABSOLUTE
    _printf_wctomb                           0x00000000   Number         0  stubs.o ABSOLUTE
    _printf_widthprec                        0x00000000   Number         0  stubs.o ABSOLUTE
    _printf_x                                0x00000000   Number         0  stubs.o ABSOLUTE
    __cpp_initialize__aeabi_                  - Undefined Weak Reference
    __cxa_finalize                            - Undefined Weak Reference
    __decompress                              - Undefined Weak Reference
    _clock_init                               - Undefined Weak Reference
    _microlib_exit                            - Undefined Weak Reference
    _scanf_int                                - Undefined Weak Reference
    _scanf_longlong                           - Undefined Weak Reference
    _scanf_string                             - Undefined Weak Reference
    __Vectors_Size                           0x000000ec   Number         0  startup_stm32f103xb.o ABSOLUTE
    __Vectors                                0x08000000   Data           4  startup_stm32f103xb.o(RESET)
    __Vectors_End                            0x080000ec   Data           0  startup_stm32f103xb.o(RESET)
    __main                                   0x080000ed   Thumb Code     0  entry.o(.ARM.Collect$$$$00000000)
    _main_stk                                0x080000ed   Thumb Code     0  entry2.o(.ARM.Collect$$$$00000001)
    _main_scatterload                        0x080000f1   Thumb Code     0  entry5.o(.ARM.Collect$$$$00000004)
    __main_after_scatterload                 0x080000f5   Thumb Code     0  entry5.o(.ARM.Collect$$$$00000004)
    _main_clock                              0x080000f5   Thumb Code     0  entry7b.o(.ARM.Collect$$$$00000008)
    _main_cpp_init                           0x080000f5   Thumb Code     0  entry8b.o(.ARM.Collect$$$$0000000A)
    _main_init                               0x080000f5   Thumb Code     0  entry9a.o(.ARM.Collect$$$$0000000B)
    __rt_final_cpp                           0x080000fd   Thumb Code     0  entry10a.o(.ARM.Collect$$$$0000000D)
    __rt_final_exit                          0x080000fd   Thumb Code     0  entry11a.o(.ARM.Collect$$$$0000000F)
    Reset_Handler                            0x08000101   Thumb Code     8  startup_stm32f103xb.o(.text)
    ADC1_2_IRQHandler                        0x0800011b   Thumb Code     0  startup_stm32f103xb.o(.text)
    CAN1_RX1_IRQHandler                      0x0800011b   Thumb Code     0  startup_stm32f103xb.o(.text)
    CAN1_SCE_IRQHandler                      0x0800011b   Thumb Code     0  startup_stm32f103xb.o(.text)
    DMA1_Channel1_IRQHandler                 0x0800011b   Thumb Code     0  startup_stm32f103xb.o(.text)
    DMA1_Channel2_IRQHandler                 0x0800011b   Thumb Code     0  startup_stm32f103xb.o(.text)
    DMA1_Channel3_IRQHandler                 0x0800011b   Thumb Code     0  startup_stm32f103xb.o(.text)
    DMA1_Channel4_IRQHandler                 0x0800011b   Thumb Code     0  startup_stm32f103xb.o(.text)
    DMA1_Channel5_IRQHandler                 0x0800011b   Thumb Code     0  startup_stm32f103xb.o(.text)
    DMA1_Channel6_IRQHandler                 0x0800011b   Thumb Code     0  startup_stm32f103xb.o(.text)
    DMA1_Channel7_IRQHandler                 0x0800011b   Thumb Code     0  startup_stm32f103xb.o(.text)
    EXTI0_IRQHandler                         0x0800011b   Thumb Code     0  startup_stm32f103xb.o(.text)
    EXTI1_IRQHandler                         0x0800011b   Thumb Code     0  startup_stm32f103xb.o(.text)
    EXTI2_IRQHandler                         0x0800011b   Thumb Code     0  startup_stm32f103xb.o(.text)
    EXTI3_IRQHandler                         0x0800011b   Thumb Code     0  startup_stm32f103xb.o(.text)
    EXTI9_5_IRQHandler                       0x0800011b   Thumb Code     0  startup_stm32f103xb.o(.text)
    FLASH_IRQHandler                         0x0800011b   Thumb Code     0  startup_stm32f103xb.o(.text)
    I2C1_ER_IRQHandler                       0x0800011b   Thumb Code     0  startup_stm32f103xb.o(.text)
    I2C1_EV_IRQHandler                       0x0800011b   Thumb Code     0  startup_stm32f103xb.o(.text)
    I2C2_ER_IRQHandler                       0x0800011b   Thumb Code     0  startup_stm32f103xb.o(.text)
    I2C2_EV_IRQHandler                       0x0800011b   Thumb Code     0  startup_stm32f103xb.o(.text)
    PVD_IRQHandler                           0x0800011b   Thumb Code     0  startup_stm32f103xb.o(.text)
    RCC_IRQHandler                           0x0800011b   Thumb Code     0  startup_stm32f103xb.o(.text)
    RTC_Alarm_IRQHandler                     0x0800011b   Thumb Code     0  startup_stm32f103xb.o(.text)
    RTC_IRQHandler                           0x0800011b   Thumb Code     0  startup_stm32f103xb.o(.text)
    SPI1_IRQHandler                          0x0800011b   Thumb Code     0  startup_stm32f103xb.o(.text)
    SPI2_IRQHandler                          0x0800011b   Thumb Code     0  startup_stm32f103xb.o(.text)
    TAMPER_IRQHandler                        0x0800011b   Thumb Code     0  startup_stm32f103xb.o(.text)
    TIM1_BRK_IRQHandler                      0x0800011b   Thumb Code     0  startup_stm32f103xb.o(.text)
    TIM1_CC_IRQHandler                       0x0800011b   Thumb Code     0  startup_stm32f103xb.o(.text)
    TIM1_TRG_COM_IRQHandler                  0x0800011b   Thumb Code     0  startup_stm32f103xb.o(.text)
    TIM3_IRQHandler                          0x0800011b   Thumb Code     0  startup_stm32f103xb.o(.text)
    USART2_IRQHandler                        0x0800011b   Thumb Code     0  startup_stm32f103xb.o(.text)
    USBWakeUp_IRQHandler                     0x0800011b   Thumb Code     0  startup_stm32f103xb.o(.text)
    USB_HP_CAN1_TX_IRQHandler                0x0800011b   Thumb Code     0  startup_stm32f103xb.o(.text)
    USB_LP_CAN1_RX0_IRQHandler               0x0800011b   Thumb Code     0  startup_stm32f103xb.o(.text)
    WWDG_IRQHandler                          0x0800011b   Thumb Code     0  startup_stm32f103xb.o(.text)
    __aeabi_llsr                             0x08000125   Thumb Code    32  llushr.o(.text)
    _ll_ushift_r                             0x08000125   Thumb Code     0  llushr.o(.text)
    __aeabi_memset                           0x08000145   Thumb Code    14  memseta.o(.text)
    __aeabi_memset4                          0x08000145   Thumb Code     0  memseta.o(.text)
    __aeabi_memset8                          0x08000145   Thumb Code     0  memseta.o(.text)
    __aeabi_memclr                           0x08000153   Thumb Code     4  memseta.o(.text)
    __aeabi_memclr4                          0x08000153   Thumb Code     0  memseta.o(.text)
    __aeabi_memclr8                          0x08000153   Thumb Code     0  memseta.o(.text)
    _memset$wrapper                          0x08000157   Thumb Code    18  memseta.o(.text)
    strlen                                   0x08000169   Thumb Code    14  strlen.o(.text)
    __aeabi_fadd                             0x08000177   Thumb Code   164  fadd.o(.text)
    __aeabi_fsub                             0x0800021b   Thumb Code     6  fadd.o(.text)
    __aeabi_frsub                            0x08000221   Thumb Code     6  fadd.o(.text)
    __aeabi_fmul                             0x08000227   Thumb Code   100  fmul.o(.text)
    __aeabi_dadd                             0x0800028b   Thumb Code   322  dadd.o(.text)
    __aeabi_dsub                             0x080003cd   Thumb Code     6  dadd.o(.text)
    __aeabi_drsub                            0x080003d3   Thumb Code     6  dadd.o(.text)
    __aeabi_dmul                             0x080003d9   Thumb Code   228  dmul.o(.text)
    __aeabi_ddiv                             0x080004bd   Thumb Code   222  ddiv.o(.text)
    __ARM_scalbn                             0x0800059b   Thumb Code    46  dscalb.o(.text)
    scalbn                                   0x0800059b   Thumb Code     0  dscalb.o(.text)
    __aeabi_i2f                              0x080005c9   Thumb Code    18  fflti.o(.text)
    __aeabi_ui2d                             0x080005db   Thumb Code    26  dfltui.o(.text)
    __aeabi_f2iz                             0x080005f5   Thumb Code    50  ffixi.o(.text)
    __aeabi_f2d                              0x08000627   Thumb Code    38  f2d.o(.text)
    __aeabi_cdrcmple                         0x0800064d   Thumb Code    48  cdrcmple.o(.text)
    __aeabi_d2f                              0x0800067d   Thumb Code    56  d2f.o(.text)
    __aeabi_uidiv                            0x080006b5   Thumb Code     0  uidiv.o(.text)
    __aeabi_uidivmod                         0x080006b5   Thumb Code    44  uidiv.o(.text)
    __aeabi_uldivmod                         0x080006e1   Thumb Code    98  uldiv.o(.text)
    __aeabi_llsl                             0x08000743   Thumb Code    30  llshl.o(.text)
    _ll_shift_l                              0x08000743   Thumb Code     0  llshl.o(.text)
    __aeabi_lasr                             0x08000761   Thumb Code    36  llsshr.o(.text)
    _ll_sshift_r                             0x08000761   Thumb Code     0  llsshr.o(.text)
    __I$use$fp                               0x08000785   Thumb Code     0  iusefp.o(.text)
    _float_round                             0x08000785   Thumb Code    18  fepilogue.o(.text)
    _float_epilogue                          0x08000797   Thumb Code    92  fepilogue.o(.text)
    _double_round                            0x080007f3   Thumb Code    30  depilogue.o(.text)
    _double_epilogue                         0x08000811   Thumb Code   156  depilogue.o(.text)
    __aeabi_d2ulz                            0x080008ad   Thumb Code    48  dfixul.o(.text)
    __scatterload                            0x080008dd   Thumb Code    28  init.o(.text)
    __scatterload_rt2                        0x080008dd   Thumb Code     0  init.o(.text)
    ADC_ConversionStop_Disable               0x08000901   Thumb Code    84  stm32f1xx_hal_adc.o(i.ADC_ConversionStop_Disable)
    BusFault_Handler                         0x08000955   Thumb Code     2  stm32f1xx_it.o(i.BusFault_Handler)
    DebugMon_Handler                         0x08000957   Thumb Code     2  stm32f1xx_it.o(i.DebugMon_Handler)
    EXTI15_10_IRQHandler                     0x08000959   Thumb Code     8  stm32f1xx_it.o(i.EXTI15_10_IRQHandler)
    EXTI4_IRQHandler                         0x08000961   Thumb Code     6  stm32f1xx_it.o(i.EXTI4_IRQHandler)
    Error_Handler                            0x08000967   Thumb Code     4  main.o(i.Error_Handler)
    HAL_ADC_ConfigChannel                    0x0800096d   Thumb Code   240  stm32f1xx_hal_adc.o(i.HAL_ADC_ConfigChannel)
    HAL_ADC_Init                             0x08000a69   Thumb Code   272  stm32f1xx_hal_adc.o(i.HAL_ADC_Init)
    HAL_ADC_MspInit                          0x08000b85   Thumb Code    76  adc.o(i.HAL_ADC_MspInit)
    HAL_DMA_Abort                            0x08000bdd   Thumb Code    70  stm32f1xx_hal_dma.o(i.HAL_DMA_Abort)
    HAL_DMA_Abort_IT                         0x08000c25   Thumb Code   148  stm32f1xx_hal_dma.o(i.HAL_DMA_Abort_IT)
    HAL_Delay                                0x08000cbd   Thumb Code    32  stm32f1xx_hal.o(i.HAL_Delay)
    HAL_GPIO_EXTI_Callback                   0x08000ce1   Thumb Code     2  stm32f1xx_hal_gpio.o(i.HAL_GPIO_EXTI_Callback)
    HAL_GPIO_EXTI_IRQHandler                 0x08000ce5   Thumb Code    18  stm32f1xx_hal_gpio.o(i.HAL_GPIO_EXTI_IRQHandler)
    HAL_GPIO_Init                            0x08000cfd   Thumb Code   426  stm32f1xx_hal_gpio.o(i.HAL_GPIO_Init)
    HAL_GPIO_ReadPin                         0x08000ec9   Thumb Code    10  stm32f1xx_hal_gpio.o(i.HAL_GPIO_ReadPin)
    HAL_GPIO_WritePin                        0x08000ed3   Thumb Code    10  stm32f1xx_hal_gpio.o(i.HAL_GPIO_WritePin)
    HAL_GetTick                              0x08000edd   Thumb Code     6  stm32f1xx_hal.o(i.HAL_GetTick)
    HAL_IncTick                              0x08000ee9   Thumb Code    12  stm32f1xx_hal.o(i.HAL_IncTick)
    HAL_Init                                 0x08000ef9   Thumb Code    32  stm32f1xx_hal.o(i.HAL_Init)
    HAL_InitTick                             0x08000f1d   Thumb Code    54  stm32f1xx_hal.o(i.HAL_InitTick)
    HAL_MspInit                              0x08000f5d   Thumb Code    52  stm32f1xx_hal_msp.o(i.HAL_MspInit)
    HAL_NVIC_EnableIRQ                       0x08000f99   Thumb Code    26  stm32f1xx_hal_cortex.o(i.HAL_NVIC_EnableIRQ)
    HAL_NVIC_SetPriority                     0x08000fb5   Thumb Code    60  stm32f1xx_hal_cortex.o(i.HAL_NVIC_SetPriority)
    HAL_NVIC_SetPriorityGrouping             0x08000ff5   Thumb Code    26  stm32f1xx_hal_cortex.o(i.HAL_NVIC_SetPriorityGrouping)
    HAL_RCCEx_PeriphCLKConfig                0x08001019   Thumb Code   220  stm32f1xx_hal_rcc_ex.o(i.HAL_RCCEx_PeriphCLKConfig)
    HAL_RCC_ClockConfig                      0x08001101   Thumb Code   292  stm32f1xx_hal_rcc.o(i.HAL_RCC_ClockConfig)
    HAL_RCC_GetPCLK1Freq                     0x08001239   Thumb Code    20  stm32f1xx_hal_rcc.o(i.HAL_RCC_GetPCLK1Freq)
    HAL_RCC_GetPCLK2Freq                     0x08001259   Thumb Code    20  stm32f1xx_hal_rcc.o(i.HAL_RCC_GetPCLK2Freq)
    HAL_RCC_GetSysClockFreq                  0x08001279   Thumb Code    74  stm32f1xx_hal_rcc.o(i.HAL_RCC_GetSysClockFreq)
    HAL_RCC_OscConfig                        0x080012e5   Thumb Code   770  stm32f1xx_hal_rcc.o(i.HAL_RCC_OscConfig)
    HAL_SYSTICK_Config                       0x080015fd   Thumb Code    40  stm32f1xx_hal_cortex.o(i.HAL_SYSTICK_Config)
    HAL_TIMEx_BreakCallback                  0x08001625   Thumb Code     2  stm32f1xx_hal_tim_ex.o(i.HAL_TIMEx_BreakCallback)
    HAL_TIMEx_CommutCallback                 0x08001627   Thumb Code     2  stm32f1xx_hal_tim_ex.o(i.HAL_TIMEx_CommutCallback)
    HAL_TIMEx_ConfigBreakDeadTime            0x08001629   Thumb Code    84  stm32f1xx_hal_tim_ex.o(i.HAL_TIMEx_ConfigBreakDeadTime)
    HAL_TIMEx_MasterConfigSynchronization    0x0800167d   Thumb Code    92  stm32f1xx_hal_tim_ex.o(i.HAL_TIMEx_MasterConfigSynchronization)
    HAL_TIM_Base_Init                        0x080016e5   Thumb Code    90  stm32f1xx_hal_tim.o(i.HAL_TIM_Base_Init)
    HAL_TIM_Base_MspInit                     0x08001741   Thumb Code    50  tim.o(i.HAL_TIM_Base_MspInit)
    HAL_TIM_Base_Start_IT                    0x0800177d   Thumb Code    76  stm32f1xx_hal_tim.o(i.HAL_TIM_Base_Start_IT)
    HAL_TIM_ConfigClockSource                0x080017d5   Thumb Code   214  stm32f1xx_hal_tim.o(i.HAL_TIM_ConfigClockSource)
    HAL_TIM_Encoder_Init                     0x080018ab   Thumb Code   164  stm32f1xx_hal_tim.o(i.HAL_TIM_Encoder_Init)
    HAL_TIM_Encoder_MspInit                  0x08001951   Thumb Code   158  tim.o(i.HAL_TIM_Encoder_MspInit)
    HAL_TIM_Encoder_Start                    0x08001a01   Thumb Code   146  stm32f1xx_hal_tim.o(i.HAL_TIM_Encoder_Start)
    HAL_TIM_IC_CaptureCallback               0x08001a93   Thumb Code     2  stm32f1xx_hal_tim.o(i.HAL_TIM_IC_CaptureCallback)
    HAL_TIM_IRQHandler                       0x08001a95   Thumb Code   358  stm32f1xx_hal_tim.o(i.HAL_TIM_IRQHandler)
    HAL_TIM_MspPostInit                      0x08001bfd   Thumb Code    64  tim.o(i.HAL_TIM_MspPostInit)
    HAL_TIM_OC_DelayElapsedCallback          0x08001c49   Thumb Code     2  stm32f1xx_hal_tim.o(i.HAL_TIM_OC_DelayElapsedCallback)
    HAL_TIM_PWM_ConfigChannel                0x08001c4b   Thumb Code   198  stm32f1xx_hal_tim.o(i.HAL_TIM_PWM_ConfigChannel)
    HAL_TIM_PWM_Init                         0x08001d11   Thumb Code    90  stm32f1xx_hal_tim.o(i.HAL_TIM_PWM_Init)
    HAL_TIM_PWM_MspInit                      0x08001d6b   Thumb Code     2  stm32f1xx_hal_tim.o(i.HAL_TIM_PWM_MspInit)
    HAL_TIM_PWM_PulseFinishedCallback        0x08001d6d   Thumb Code     2  stm32f1xx_hal_tim.o(i.HAL_TIM_PWM_PulseFinishedCallback)
    HAL_TIM_PWM_Start                        0x08001d71   Thumb Code   148  stm32f1xx_hal_tim.o(i.HAL_TIM_PWM_Start)
    HAL_TIM_PeriodElapsedCallback            0x08001e11   Thumb Code   278  stm32f1xx_it.o(i.HAL_TIM_PeriodElapsedCallback)
    HAL_TIM_TriggerCallback                  0x08001f55   Thumb Code     2  stm32f1xx_hal_tim.o(i.HAL_TIM_TriggerCallback)
    HAL_UARTEx_RxEventCallback               0x08001f57   Thumb Code     2  stm32f1xx_hal_uart.o(i.HAL_UARTEx_RxEventCallback)
    HAL_UART_ErrorCallback                   0x08001f59   Thumb Code     2  stm32f1xx_hal_uart.o(i.HAL_UART_ErrorCallback)
    HAL_UART_IRQHandler                      0x08001f5d   Thumb Code   520  stm32f1xx_hal_uart.o(i.HAL_UART_IRQHandler)
    HAL_UART_Init                            0x08002169   Thumb Code    98  stm32f1xx_hal_uart.o(i.HAL_UART_Init)
    HAL_UART_MspInit                         0x080021cd   Thumb Code   270  usart.o(i.HAL_UART_MspInit)
    HAL_UART_Receive                         0x080022f5   Thumb Code   196  stm32f1xx_hal_uart.o(i.HAL_UART_Receive)
    HAL_UART_RxCpltCallback                  0x080023b9   Thumb Code     2  stm32f1xx_hal_uart.o(i.HAL_UART_RxCpltCallback)
    HAL_UART_Transmit                        0x080023bb   Thumb Code   176  stm32f1xx_hal_uart.o(i.HAL_UART_Transmit)
    HAL_UART_TxCpltCallback                  0x0800246b   Thumb Code     2  stm32f1xx_hal_uart.o(i.HAL_UART_TxCpltCallback)
    HC_SR04_Delayus                          0x0800246d   Thumb Code    28  hc_sr04.o(i.HC_SR04_Delayus)
    HC_SR04_Read                             0x08002491   Thumb Code   130  hc_sr04.o(i.HC_SR04_Read)
    HardFault_Handler                        0x0800252d   Thumb Code     2  stm32f1xx_it.o(i.HardFault_Handler)
    IIC_Start                                0x08002531   Thumb Code    56  oled.o(i.IIC_Start)
    IIC_Stop                                 0x08002571   Thumb Code    42  oled.o(i.IIC_Stop)
    IIC_Wait_Ack                             0x080025a5   Thumb Code    30  oled.o(i.IIC_Wait_Ack)
    MX_ADC2_Init                             0x080025c9   Thumb Code    72  adc.o(i.MX_ADC2_Init)
    MX_GPIO_Init                             0x08002619   Thumb Code   318  gpio.o(i.MX_GPIO_Init)
    MX_TIM1_Init                             0x08002771   Thumb Code   212  tim.o(i.MX_TIM1_Init)
    MX_TIM2_Init                             0x0800284d   Thumb Code   102  tim.o(i.MX_TIM2_Init)
    MX_TIM4_Init                             0x080028b9   Thumb Code   100  tim.o(i.MX_TIM4_Init)
    MX_USART1_UART_Init                      0x08002925   Thumb Code    48  usart.o(i.MX_USART1_UART_Init)
    MX_USART2_UART_Init                      0x0800295d   Thumb Code    48  usart.o(i.MX_USART2_UART_Init)
    MX_USART3_UART_Init                      0x08002995   Thumb Code    48  usart.o(i.MX_USART3_UART_Init)
    MemManage_Handler                        0x080029cd   Thumb Code     2  stm32f1xx_it.o(i.MemManage_Handler)
    Motor_Set                                0x080029d1   Thumb Code   106  motor.o(i.Motor_Set)
    NMI_Handler                              0x08002a45   Thumb Code     2  stm32f1xx_it.o(i.NMI_Handler)
    OLED_Clear                               0x08002a47   Thumb Code    58  oled.o(i.OLED_Clear)
    OLED_Init                                0x08002a81   Thumb Code   230  oled.o(i.OLED_Init)
    OLED_Set_Pos                             0x08002b67   Thumb Code    42  oled.o(i.OLED_Set_Pos)
    OLED_ShowChar                            0x08002b91   Thumb Code   128  oled.o(i.OLED_ShowChar)
    OLED_ShowString                          0x08002c19   Thumb Code    54  oled.o(i.OLED_ShowString)
    OLED_WR_Byte                             0x08002c4f   Thumb Code    12  oled.o(i.OLED_WR_Byte)
    PID_init                                 0x08002c5d   Thumb Code    44  pid.o(i.PID_init)
    PID_realize                              0x08002c95   Thumb Code    82  pid.o(i.PID_realize)
    PendSV_Handler                           0x08002ce7   Thumb Code     2  stm32f1xx_it.o(i.PendSV_Handler)
    SVC_Handler                              0x08002ce9   Thumb Code     2  stm32f1xx_it.o(i.SVC_Handler)
    SysTick_Handler                          0x08002ceb   Thumb Code     4  stm32f1xx_it.o(i.SysTick_Handler)
    SystemClock_Config                       0x08002cef   Thumb Code   122  main.o(i.SystemClock_Config)
    SystemInit                               0x08002d69   Thumb Code     2  system_stm32f1xx.o(i.SystemInit)
    TIM1_UP_IRQHandler                       0x08002d6d   Thumb Code     6  stm32f1xx_it.o(i.TIM1_UP_IRQHandler)
    TIM2_IRQHandler                          0x08002d79   Thumb Code     6  stm32f1xx_it.o(i.TIM2_IRQHandler)
    TIM4_IRQHandler                          0x08002d85   Thumb Code     6  stm32f1xx_it.o(i.TIM4_IRQHandler)
    TIM_Base_SetConfig                       0x08002d91   Thumb Code    94  stm32f1xx_hal_tim.o(i.TIM_Base_SetConfig)
    TIM_CCxChannelCmd                        0x08002dfd   Thumb Code    26  stm32f1xx_hal_tim.o(i.TIM_CCxChannelCmd)
    TIM_ETR_SetConfig                        0x08002e17   Thumb Code    20  stm32f1xx_hal_tim.o(i.TIM_ETR_SetConfig)
    TIM_OC2_SetConfig                        0x08002e95   Thumb Code    86  stm32f1xx_hal_tim.o(i.TIM_OC2_SetConfig)
    USART1_IRQHandler                        0x080031e5   Thumb Code    56  stm32f1xx_it.o(i.USART1_IRQHandler)
    USART3_IRQHandler                        0x08003229   Thumb Code     6  stm32f1xx_it.o(i.USART3_IRQHandler)
    UsageFault_Handler                       0x08003235   Thumb Code     2  stm32f1xx_it.o(i.UsageFault_Handler)
    Write_IIC_Byte                           0x08003239   Thumb Code    90  oled.o(i.Write_IIC_Byte)
    Write_IIC_Command                        0x0800329d   Thumb Code    46  oled.o(i.Write_IIC_Command)
    Write_IIC_Data                           0x080032cb   Thumb Code    46  oled.o(i.Write_IIC_Data)
    __0printf                                0x080032f9   Thumb Code    22  printfa.o(i.__0printf)
    __1printf                                0x080032f9   Thumb Code     0  printfa.o(i.__0printf)
    __2printf                                0x080032f9   Thumb Code     0  printfa.o(i.__0printf)
    __c89printf                              0x080032f9   Thumb Code     0  printfa.o(i.__0printf)
    printf                                   0x080032f9   Thumb Code     0  printfa.o(i.__0printf)
    __0sprintf                               0x08003319   Thumb Code    34  printfa.o(i.__0sprintf)
    __1sprintf                               0x08003319   Thumb Code     0  printfa.o(i.__0sprintf)
    __2sprintf                               0x08003319   Thumb Code     0  printfa.o(i.__0sprintf)
    __c89sprintf                             0x08003319   Thumb Code     0  printfa.o(i.__0sprintf)
    sprintf                                  0x08003319   Thumb Code     0  printfa.o(i.__0sprintf)
    __scatterload_copy                       0x08003361   Thumb Code    14  handlers.o(i.__scatterload_copy)
    __scatterload_null                       0x0800336f   Thumb Code     2  handlers.o(i.__scatterload_null)
    __scatterload_zeroinit                   0x08003371   Thumb Code    14  handlers.o(i.__scatterload_zeroinit)
    fputc                                    0x08003c1d   Thumb Code    20  usart.o(i.fputc)
    main                                     0x08003c35   Thumb Code  4820  main.o(i.main)
    motorPidSetSpeed                         0x08004f1d   Thumb Code    50  motor.o(i.motorPidSetSpeed)
    AHBPrescTable                            0x08004f60   Data          16  system_stm32f1xx.o(.constdata)
    APBPrescTable                            0x08004f70   Data           8  system_stm32f1xx.o(.constdata)
    F6x8                                     0x08004f78   Data         552  oled.o(.constdata)
    F8X16                                    0x080051a0   Data        1520  oled.o(.constdata)
    Region$$Table$$Base                      0x08005790   Number         0  anon$$obj.o(Region$$Table)
    Region$$Table$$Limit                     0x080057b0   Number         0  anon$$obj.o(Region$$Table)
    Usart1_ReadCount                         0x20000000   Data           1  stm32f1xx_it.o(.data)
    Encode1Count                             0x20000002   Data           2  stm32f1xx_it.o(.data)
    Encode2Count                             0x20000004   Data           2  stm32f1xx_it.o(.data)
    TimerCount                               0x20000006   Data           2  stm32f1xx_it.o(.data)
    Motor1Speed                              0x20000008   Data           4  stm32f1xx_it.o(.data)
    Motor2Speed                              0x2000000c   Data           4  stm32f1xx_it.o(.data)
    Mileage                                  0x20000010   Data           4  stm32f1xx_it.o(.data)
    uwTickFreq                               0x20000014   Data           1  stm32f1xx_hal.o(.data)
    uwTickPrio                               0x20000018   Data           4  stm32f1xx_hal.o(.data)
    uwTick                                   0x2000001c   Data           4  stm32f1xx_hal.o(.data)
    SystemCoreClock                          0x20000020   Data           4  system_stm32f1xx.o(.data)
    __stdout                                 0x20000024   Data           4  stdout.o(.data)
    OledString                               0x20000028   Data          35  main.o(.bss)
    Usart3String                             0x2000004b   Data          20  main.o(.bss)
    hadc2                                    0x20000060   Data          48  adc.o(.bss)
    htim1                                    0x20000090   Data          72  tim.o(.bss)
    htim2                                    0x200000d8   Data          72  tim.o(.bss)
    htim4                                    0x20000120   Data          72  tim.o(.bss)
    huart1                                   0x20000168   Data          68  usart.o(.bss)
    huart2                                   0x200001ac   Data          68  usart.o(.bss)
    huart3                                   0x200001f0   Data          68  usart.o(.bss)
    Usart1_ReadBuf                           0x20000234   Data         256  stm32f1xx_it.o(.bss)
    pidMotor1Speed                           0x20000334   Data          32  pid.o(.bss)
    pidMotor2Speed                           0x20000354   Data          32  pid.o(.bss)
    __initial_sp                             0x20000b78   Data           0  startup_stm32f103xb.o(STACK)



==============================================================================

Memory Map of the image

  Image Entry point : 0x080000ed

  Load Region LR_IROM1 (Base: 0x08000000, Size: 0x000057d8, Max: 0x00010000, ABSOLUTE)

    Execution Region ER_IROM1 (Base: 0x08000000, Size: 0x000057b0, Max: 0x00010000, ABSOLUTE)

    Base Addr    Size         Type   Attr      Idx    E Section Name        Object

    0x08000000   0x000000ec   Data   RO            3    RESET               startup_stm32f103xb.o
    0x080000ec   0x00000000   Code   RO         4172  * .ARM.Collect$$$$00000000  mc_w.l(entry.o)
    0x080000ec   0x00000004   Code   RO         4522    .ARM.Collect$$$$00000001  mc_w.l(entry2.o)
    0x080000f0   0x00000004   Code   RO         4525    .ARM.Collect$$$$00000004  mc_w.l(entry5.o)
    0x080000f4   0x00000000   Code   RO         4527    .ARM.Collect$$$$00000008  mc_w.l(entry7b.o)
    0x080000f4   0x00000000   Code   RO         4529    .ARM.Collect$$$$0000000A  mc_w.l(entry8b.o)
    0x080000f4   0x00000008   Code   RO         4530    .ARM.Collect$$$$0000000B  mc_w.l(entry9a.o)
    0x080000fc   0x00000000   Code   RO         4532    .ARM.Collect$$$$0000000D  mc_w.l(entry10a.o)
    0x080000fc   0x00000000   Code   RO         4534    .ARM.Collect$$$$0000000F  mc_w.l(entry11a.o)
    0x080000fc   0x00000004   Code   RO         4523    .ARM.Collect$$$$00002712  mc_w.l(entry2.o)
    0x08000100   0x00000024   Code   RO            4    .text               startup_stm32f103xb.o
    0x08000124   0x00000020   Code   RO         4175    .text               mc_w.l(llushr.o)
    0x08000144   0x00000024   Code   RO         4181    .text               mc_w.l(memseta.o)
    0x08000168   0x0000000e   Code   RO         4183    .text               mc_w.l(strlen.o)
    0x08000176   0x000000b0   Code   RO         4488    .text               mf_w.l(fadd.o)
    0x08000226   0x00000064   Code   RO         4490    .text               mf_w.l(fmul.o)
    0x0800028a   0x0000014e   Code   RO         4494    .text               mf_w.l(dadd.o)
    0x080003d8   0x000000e4   Code   RO         4496    .text               mf_w.l(dmul.o)
    0x080004bc   0x000000de   Code   RO         4498    .text               mf_w.l(ddiv.o)
    0x0800059a   0x0000002e   Code   RO         4500    .text               mf_w.l(dscalb.o)
    0x080005c8   0x00000012   Code   RO         4502    .text               mf_w.l(fflti.o)
    0x080005da   0x0000001a   Code   RO         4508    .text               mf_w.l(dfltui.o)
    0x080005f4   0x00000032   Code   RO         4510    .text               mf_w.l(ffixi.o)
    0x08000626   0x00000026   Code   RO         4514    .text               mf_w.l(f2d.o)
    0x0800064c   0x00000030   Code   RO         4518    .text               mf_w.l(cdrcmple.o)
    0x0800067c   0x00000038   Code   RO         4520    .text               mf_w.l(d2f.o)
    0x080006b4   0x0000002c   Code   RO         4537    .text               mc_w.l(uidiv.o)
    0x080006e0   0x00000062   Code   RO         4539    .text               mc_w.l(uldiv.o)
    0x08000742   0x0000001e   Code   RO         4541    .text               mc_w.l(llshl.o)
    0x08000760   0x00000024   Code   RO         4543    .text               mc_w.l(llsshr.o)
    0x08000784   0x00000000   Code   RO         4553    .text               mc_w.l(iusefp.o)
    0x08000784   0x0000006e   Code   RO         4554    .text               mf_w.l(fepilogue.o)
    0x080007f2   0x000000ba   Code   RO         4556    .text               mf_w.l(depilogue.o)
    0x080008ac   0x00000030   Code   RO         4560    .text               mf_w.l(dfixul.o)
    0x080008dc   0x00000024   Code   RO         4562    .text               mc_w.l(init.o)
    0x08000900   0x00000054   Code   RO          597    i.ADC_ConversionStop_Disable  stm32f1xx_hal_adc.o
    0x08000954   0x00000002   Code   RO          409    i.BusFault_Handler  stm32f1xx_it.o
    0x08000956   0x00000002   Code   RO          410    i.DebugMon_Handler  stm32f1xx_it.o
    0x08000958   0x00000008   Code   RO          411    i.EXTI15_10_IRQHandler  stm32f1xx_it.o
    0x08000960   0x00000006   Code   RO          412    i.EXTI4_IRQHandler  stm32f1xx_it.o
    0x08000966   0x00000004   Code   RO           13    i.Error_Handler     main.o
    0x0800096a   0x00000002   PAD
    0x0800096c   0x000000fc   Code   RO          603    i.HAL_ADC_ConfigChannel  stm32f1xx_hal_adc.o
    0x08000a68   0x0000011c   Code   RO          612    i.HAL_ADC_Init      stm32f1xx_hal_adc.o
    0x08000b84   0x00000058   Code   RO          222    i.HAL_ADC_MspInit   adc.o
    0x08000bdc   0x00000046   Code   RO         1252    i.HAL_DMA_Abort     stm32f1xx_hal_dma.o
    0x08000c22   0x00000002   PAD
    0x08000c24   0x00000098   Code   RO         1253    i.HAL_DMA_Abort_IT  stm32f1xx_hal_dma.o
    0x08000cbc   0x00000024   Code   RO          880    i.HAL_Delay         stm32f1xx_hal.o
    0x08000ce0   0x00000002   Code   RO         1186    i.HAL_GPIO_EXTI_Callback  stm32f1xx_hal_gpio.o
    0x08000ce2   0x00000002   PAD
    0x08000ce4   0x00000018   Code   RO         1187    i.HAL_GPIO_EXTI_IRQHandler  stm32f1xx_hal_gpio.o
    0x08000cfc   0x000001cc   Code   RO         1188    i.HAL_GPIO_Init     stm32f1xx_hal_gpio.o
    0x08000ec8   0x0000000a   Code   RO         1190    i.HAL_GPIO_ReadPin  stm32f1xx_hal_gpio.o
    0x08000ed2   0x0000000a   Code   RO         1192    i.HAL_GPIO_WritePin  stm32f1xx_hal_gpio.o
    0x08000edc   0x0000000c   Code   RO          884    i.HAL_GetTick       stm32f1xx_hal.o
    0x08000ee8   0x00000010   Code   RO          890    i.HAL_IncTick       stm32f1xx_hal.o
    0x08000ef8   0x00000024   Code   RO          891    i.HAL_Init          stm32f1xx_hal.o
    0x08000f1c   0x00000040   Code   RO          892    i.HAL_InitTick      stm32f1xx_hal.o
    0x08000f5c   0x0000003c   Code   RO          537    i.HAL_MspInit       stm32f1xx_hal_msp.o
    0x08000f98   0x0000001a   Code   RO         1348    i.HAL_NVIC_EnableIRQ  stm32f1xx_hal_cortex.o
    0x08000fb2   0x00000002   PAD
    0x08000fb4   0x00000040   Code   RO         1354    i.HAL_NVIC_SetPriority  stm32f1xx_hal_cortex.o
    0x08000ff4   0x00000024   Code   RO         1355    i.HAL_NVIC_SetPriorityGrouping  stm32f1xx_hal_cortex.o
    0x08001018   0x000000e8   Code   RO         1151    i.HAL_RCCEx_PeriphCLKConfig  stm32f1xx_hal_rcc_ex.o
    0x08001100   0x00000138   Code   RO         1048    i.HAL_RCC_ClockConfig  stm32f1xx_hal_rcc.o
    0x08001238   0x00000020   Code   RO         1055    i.HAL_RCC_GetPCLK1Freq  stm32f1xx_hal_rcc.o
    0x08001258   0x00000020   Code   RO         1056    i.HAL_RCC_GetPCLK2Freq  stm32f1xx_hal_rcc.o
    0x08001278   0x0000006c   Code   RO         1057    i.HAL_RCC_GetSysClockFreq  stm32f1xx_hal_rcc.o
    0x080012e4   0x00000318   Code   RO         1060    i.HAL_RCC_OscConfig  stm32f1xx_hal_rcc.o
    0x080015fc   0x00000028   Code   RO         1359    i.HAL_SYSTICK_Config  stm32f1xx_hal_cortex.o
    0x08001624   0x00000002   Code   RO         2554    i.HAL_TIMEx_BreakCallback  stm32f1xx_hal_tim_ex.o
    0x08001626   0x00000002   Code   RO         2555    i.HAL_TIMEx_CommutCallback  stm32f1xx_hal_tim_ex.o
    0x08001628   0x00000054   Code   RO         2557    i.HAL_TIMEx_ConfigBreakDeadTime  stm32f1xx_hal_tim_ex.o
    0x0800167c   0x00000068   Code   RO         2573    i.HAL_TIMEx_MasterConfigSynchronization  stm32f1xx_hal_tim_ex.o
    0x080016e4   0x0000005a   Code   RO         1850    i.HAL_TIM_Base_Init  stm32f1xx_hal_tim.o
    0x0800173e   0x00000002   PAD
    0x08001740   0x0000003c   Code   RO          270    i.HAL_TIM_Base_MspInit  tim.o
    0x0800177c   0x00000058   Code   RO         1855    i.HAL_TIM_Base_Start_IT  stm32f1xx_hal_tim.o
    0x080017d4   0x000000d6   Code   RO         1859    i.HAL_TIM_ConfigClockSource  stm32f1xx_hal_tim.o
    0x080018aa   0x000000a4   Code   RO         1871    i.HAL_TIM_Encoder_Init  stm32f1xx_hal_tim.o
    0x0800194e   0x00000002   PAD
    0x08001950   0x000000b0   Code   RO          272    i.HAL_TIM_Encoder_MspInit  tim.o
    0x08001a00   0x00000092   Code   RO         1874    i.HAL_TIM_Encoder_Start  stm32f1xx_hal_tim.o
    0x08001a92   0x00000002   Code   RO         1884    i.HAL_TIM_IC_CaptureCallback  stm32f1xx_hal_tim.o
    0x08001a94   0x00000166   Code   RO         1898    i.HAL_TIM_IRQHandler  stm32f1xx_hal_tim.o
    0x08001bfa   0x00000002   PAD
    0x08001bfc   0x0000004c   Code   RO          273    i.HAL_TIM_MspPostInit  tim.o
    0x08001c48   0x00000002   Code   RO         1901    i.HAL_TIM_OC_DelayElapsedCallback  stm32f1xx_hal_tim.o
    0x08001c4a   0x000000c6   Code   RO         1922    i.HAL_TIM_PWM_ConfigChannel  stm32f1xx_hal_tim.o
    0x08001d10   0x0000005a   Code   RO         1925    i.HAL_TIM_PWM_Init  stm32f1xx_hal_tim.o
    0x08001d6a   0x00000002   Code   RO         1927    i.HAL_TIM_PWM_MspInit  stm32f1xx_hal_tim.o
    0x08001d6c   0x00000002   Code   RO         1928    i.HAL_TIM_PWM_PulseFinishedCallback  stm32f1xx_hal_tim.o
    0x08001d6e   0x00000002   PAD
    0x08001d70   0x000000a0   Code   RO         1930    i.HAL_TIM_PWM_Start  stm32f1xx_hal_tim.o
    0x08001e10   0x00000144   Code   RO          413    i.HAL_TIM_PeriodElapsedCallback  stm32f1xx_it.o
    0x08001f54   0x00000002   Code   RO         1941    i.HAL_TIM_TriggerCallback  stm32f1xx_hal_tim.o
    0x08001f56   0x00000002   Code   RO         2832    i.HAL_UARTEx_RxEventCallback  stm32f1xx_hal_uart.o
    0x08001f58   0x00000002   Code   RO         2846    i.HAL_UART_ErrorCallback  stm32f1xx_hal_uart.o
    0x08001f5a   0x00000002   PAD
    0x08001f5c   0x0000020c   Code   RO         2849    i.HAL_UART_IRQHandler  stm32f1xx_hal_uart.o
    0x08002168   0x00000062   Code   RO         2850    i.HAL_UART_Init     stm32f1xx_hal_uart.o
    0x080021ca   0x00000002   PAD
    0x080021cc   0x00000128   Code   RO          342    i.HAL_UART_MspInit  usart.o
    0x080022f4   0x000000c4   Code   RO         2853    i.HAL_UART_Receive  stm32f1xx_hal_uart.o
    0x080023b8   0x00000002   Code   RO         2856    i.HAL_UART_RxCpltCallback  stm32f1xx_hal_uart.o
    0x080023ba   0x000000b0   Code   RO         2858    i.HAL_UART_Transmit  stm32f1xx_hal_uart.o
    0x0800246a   0x00000002   Code   RO         2861    i.HAL_UART_TxCpltCallback  stm32f1xx_hal_uart.o
    0x0800246c   0x00000024   Code   RO         4138    i.HC_SR04_Delayus   hc_sr04.o
    0x08002490   0x0000009c   Code   RO         4139    i.HC_SR04_Read      hc_sr04.o
    0x0800252c   0x00000002   Code   RO          414    i.HardFault_Handler  stm32f1xx_it.o
    0x0800252e   0x00000002   PAD
    0x08002530   0x00000040   Code   RO         3218    i.IIC_Start         oled.o
    0x08002570   0x00000034   Code   RO         3219    i.IIC_Stop          oled.o
    0x080025a4   0x00000024   Code   RO         3220    i.IIC_Wait_Ack      oled.o
    0x080025c8   0x00000050   Code   RO          223    i.MX_ADC2_Init      adc.o
    0x08002618   0x00000158   Code   RO          197    i.MX_GPIO_Init      gpio.o
    0x08002770   0x000000dc   Code   RO          274    i.MX_TIM1_Init      tim.o
    0x0800284c   0x0000006c   Code   RO          275    i.MX_TIM2_Init      tim.o
    0x080028b8   0x0000006c   Code   RO          276    i.MX_TIM4_Init      tim.o
    0x08002924   0x00000038   Code   RO          343    i.MX_USART1_UART_Init  usart.o
    0x0800295c   0x00000038   Code   RO          344    i.MX_USART2_UART_Init  usart.o
    0x08002994   0x00000038   Code   RO          345    i.MX_USART3_UART_Init  usart.o
    0x080029cc   0x00000002   Code   RO          415    i.MemManage_Handler  stm32f1xx_it.o
    0x080029ce   0x00000002   PAD
    0x080029d0   0x00000074   Code   RO         3378    i.Motor_Set         motor.o
    0x08002a44   0x00000002   Code   RO          416    i.NMI_Handler       stm32f1xx_it.o
    0x08002a46   0x0000003a   Code   RO         3221    i.OLED_Clear        oled.o
    0x08002a80   0x000000e6   Code   RO         3225    i.OLED_Init         oled.o
    0x08002b66   0x0000002a   Code   RO         3227    i.OLED_Set_Pos      oled.o
    0x08002b90   0x00000088   Code   RO         3229    i.OLED_ShowChar     oled.o
    0x08002c18   0x00000036   Code   RO         3231    i.OLED_ShowString   oled.o
    0x08002c4e   0x0000000c   Code   RO         3232    i.OLED_WR_Byte      oled.o
    0x08002c5a   0x00000002   PAD
    0x08002c5c   0x00000038   Code   RO         3469    i.PID_init          pid.o
    0x08002c94   0x00000052   Code   RO         3470    i.PID_realize       pid.o
    0x08002ce6   0x00000002   Code   RO          417    i.PendSV_Handler    stm32f1xx_it.o
    0x08002ce8   0x00000002   Code   RO          418    i.SVC_Handler       stm32f1xx_it.o
    0x08002cea   0x00000004   Code   RO          419    i.SysTick_Handler   stm32f1xx_it.o
    0x08002cee   0x0000007a   Code   RO           14    i.SystemClock_Config  main.o
    0x08002d68   0x00000002   Code   RO         3179    i.SystemInit        system_stm32f1xx.o
    0x08002d6a   0x00000002   PAD
    0x08002d6c   0x0000000c   Code   RO          420    i.TIM1_UP_IRQHandler  stm32f1xx_it.o
    0x08002d78   0x0000000c   Code   RO          421    i.TIM2_IRQHandler   stm32f1xx_it.o
    0x08002d84   0x0000000c   Code   RO          422    i.TIM4_IRQHandler   stm32f1xx_it.o
    0x08002d90   0x0000006c   Code   RO         1943    i.TIM_Base_SetConfig  stm32f1xx_hal_tim.o
    0x08002dfc   0x0000001a   Code   RO         1944    i.TIM_CCxChannelCmd  stm32f1xx_hal_tim.o
    0x08002e16   0x00000014   Code   RO         1954    i.TIM_ETR_SetConfig  stm32f1xx_hal_tim.o
    0x08002e2a   0x00000010   Code   RO         1955    i.TIM_ITRx_SetConfig  stm32f1xx_hal_tim.o
    0x08002e3a   0x00000002   PAD
    0x08002e3c   0x00000058   Code   RO         1956    i.TIM_OC1_SetConfig  stm32f1xx_hal_tim.o
    0x08002e94   0x0000005c   Code   RO         1957    i.TIM_OC2_SetConfig  stm32f1xx_hal_tim.o
    0x08002ef0   0x00000058   Code   RO         1958    i.TIM_OC3_SetConfig  stm32f1xx_hal_tim.o
    0x08002f48   0x00000044   Code   RO         1959    i.TIM_OC4_SetConfig  stm32f1xx_hal_tim.o
    0x08002f8c   0x00000022   Code   RO         1961    i.TIM_TI1_ConfigInputStage  stm32f1xx_hal_tim.o
    0x08002fae   0x00000024   Code   RO         1963    i.TIM_TI2_ConfigInputStage  stm32f1xx_hal_tim.o
    0x08002fd2   0x00000010   Code   RO         2863    i.UART_DMAAbortOnError  stm32f1xx_hal_uart.o
    0x08002fe2   0x00000030   Code   RO         2873    i.UART_EndRxTransfer  stm32f1xx_hal_uart.o
    0x08003012   0x000000b6   Code   RO         2875    i.UART_Receive_IT   stm32f1xx_hal_uart.o
    0x080030c8   0x000000b8   Code   RO         2876    i.UART_SetConfig    stm32f1xx_hal_uart.o
    0x08003180   0x00000062   Code   RO         2879    i.UART_WaitOnFlagUntilTimeout  stm32f1xx_hal_uart.o
    0x080031e2   0x00000002   PAD
    0x080031e4   0x00000044   Code   RO          423    i.USART1_IRQHandler  stm32f1xx_it.o
    0x08003228   0x0000000c   Code   RO          424    i.USART3_IRQHandler  stm32f1xx_it.o
    0x08003234   0x00000002   Code   RO          425    i.UsageFault_Handler  stm32f1xx_it.o
    0x08003236   0x00000002   PAD
    0x08003238   0x00000064   Code   RO         3233    i.Write_IIC_Byte    oled.o
    0x0800329c   0x0000002e   Code   RO         3234    i.Write_IIC_Command  oled.o
    0x080032ca   0x0000002e   Code   RO         3235    i.Write_IIC_Data    oled.o
    0x080032f8   0x00000020   Code   RO         4426    i.__0printf         mc_w.l(printfa.o)
    0x08003318   0x00000028   Code   RO         4428    i.__0sprintf        mc_w.l(printfa.o)
    0x08003340   0x00000020   Code   RO         1361    i.__NVIC_SetPriority  stm32f1xx_hal_cortex.o
    0x08003360   0x0000000e   Code   RO         4573    i.__scatterload_copy  mc_w.l(handlers.o)
    0x0800336e   0x00000002   Code   RO         4574    i.__scatterload_null  mc_w.l(handlers.o)
    0x08003370   0x0000000e   Code   RO         4575    i.__scatterload_zeroinit  mc_w.l(handlers.o)
    0x0800337e   0x00000002   PAD
    0x08003380   0x00000164   Code   RO         4433    i._fp_digits        mc_w.l(printfa.o)
    0x080034e4   0x000006dc   Code   RO         4434    i._printf_core      mc_w.l(printfa.o)
    0x08003bc0   0x00000024   Code   RO         4435    i._printf_post_padding  mc_w.l(printfa.o)
    0x08003be4   0x0000002e   Code   RO         4436    i._printf_pre_padding  mc_w.l(printfa.o)
    0x08003c12   0x0000000a   Code   RO         4438    i._sputc            mc_w.l(printfa.o)
    0x08003c1c   0x00000018   Code   RO          347    i.fputc             usart.o
    0x08003c34   0x000012e8   Code   RO           15    i.main              main.o
    0x08004f1c   0x00000044   Code   RO         3379    i.motorPidSetSpeed  motor.o
    0x08004f60   0x00000010   Data   RO         3180    .constdata          system_stm32f1xx.o
    0x08004f70   0x00000008   Data   RO         3181    .constdata          system_stm32f1xx.o
    0x08004f78   0x00000818   Data   RO         3238    .constdata          oled.o
    0x08005790   0x00000020   Data   RO         4571    Region$$Table       anon$$obj.o


    Execution Region RW_IRAM1 (Base: 0x20000000, Size: 0x00000b78, Max: 0x00005000, ABSOLUTE)

    Base Addr    Size         Type   Attr      Idx    E Section Name        Object

    0x20000000   0x00000014   Data   RW          427    .data               stm32f1xx_it.o
    0x20000014   0x0000000c   Data   RW          898    .data               stm32f1xx_hal.o
    0x20000020   0x00000004   Data   RW         3182    .data               system_stm32f1xx.o
    0x20000024   0x00000004   Data   RW         4536    .data               mc_w.l(stdout.o)
    0x20000028   0x00000037   Zero   RW           16    .bss                main.o
    0x2000005f   0x00000001   PAD
    0x20000060   0x00000030   Zero   RW          225    .bss                adc.o
    0x20000090   0x000000d8   Zero   RW          277    .bss                tim.o
    0x20000168   0x000000cc   Zero   RW          348    .bss                usart.o
    0x20000234   0x00000100   Zero   RW          426    .bss                stm32f1xx_it.o
    0x20000334   0x00000040   Zero   RW         3473    .bss                pid.o
    0x20000374   0x00000004   PAD
    0x20000378   0x00000800   Zero   RW            1    STACK               startup_stm32f103xb.o


==============================================================================

Image component sizes


      Code (inc. data)   RO Data    RW Data    ZI Data      Debug   Object Name

       168         20          0          0         48       1557   adc.o
       344         26          0          0          0       1007   gpio.o
       192         34          0          0          0       1445   hc_sr04.o
      4966        264          0          0         55     445824   main.o
       184         28          0          0          0       1103   motor.o
       876         42       2072          0          0       7173   oled.o
       138         12          0          0         64       1881   pid.o
        36          8        236          0       2048        784   startup_stm32f103xb.o
       164         28          0         12          0       5681   stm32f1xx_hal.o
       620         24          0          0          0       2824   stm32f1xx_hal_adc.o
       198         14          0          0          0      28455   stm32f1xx_hal_cortex.o
       222          4          0          0          0       1627   stm32f1xx_hal_dma.o
       506         40          0          0          0       4115   stm32f1xx_hal_gpio.o
        60          8          0          0          0        842   stm32f1xx_hal_msp.o
      1276        100          0          0          0       4828   stm32f1xx_hal_rcc.o
       232         12          0          0          0       1292   stm32f1xx_hal_rcc_ex.o
      2094         58          0          0          0      16077   stm32f1xx_hal_tim.o
       192         12          0          0          0       2953   stm32f1xx_hal_tim_ex.o
      1530         10          0          0          0       9343   stm32f1xx_hal_uart.o
       474         82          0         20        256       8508   stm32f1xx_it.o
         2          0         24          4          0       1059   system_stm32f1xx.o
       748         62          0          0        216       4200   tim.o
       488         54          0          0        204       3498   usart.o

    ----------------------------------------------------------------------
     15744        942       2364         36       2896     556076   Object Totals
         0          0         32          0          0          0   (incl. Generated)
        34          0          0          0          5          0   (incl. Padding)

    ----------------------------------------------------------------------

      Code (inc. data)   RO Data    RW Data    ZI Data      Debug   Library Member Name

         0          0          0          0          0          0   entry.o
         0          0          0          0          0          0   entry10a.o
         0          0          0          0          0          0   entry11a.o
         8          4          0          0          0          0   entry2.o
         4          0          0          0          0          0   entry5.o
         0          0          0          0          0          0   entry7b.o
         0          0          0          0          0          0   entry8b.o
         8          4          0          0          0          0   entry9a.o
        30          0          0          0          0          0   handlers.o
        36          8          0          0          0         68   init.o
         0          0          0          0          0          0   iusefp.o
        30          0          0          0          0         68   llshl.o
        36          0          0          0          0         68   llsshr.o
        32          0          0          0          0         68   llushr.o
        36          0          0          0          0        108   memseta.o
      2276         96          0          0          0        596   printfa.o
         0          0          0          4          0          0   stdout.o
        14          0          0          0          0         68   strlen.o
        44          0          0          0          0         80   uidiv.o
        98          0          0          0          0         92   uldiv.o
        48          0          0          0          0         68   cdrcmple.o
        56          0          0          0          0         88   d2f.o
       334          0          0          0          0        148   dadd.o
       222          0          0          0          0        100   ddiv.o
       186          0          0          0          0        176   depilogue.o
        48          0          0          0          0         68   dfixul.o
        26          0          0          0          0         76   dfltui.o
       228          0          0          0          0         96   dmul.o
        46          0          0          0          0         80   dscalb.o
        38          0          0          0          0         68   f2d.o
       176          0          0          0          0        140   fadd.o
       110          0          0          0          0        168   fepilogue.o
        50          0          0          0          0         68   ffixi.o
        18          0          0          0          0         68   fflti.o
       100          0          0          0          0         76   fmul.o

    ----------------------------------------------------------------------
      4340        112          0          4          0       2704   Library Totals
         2          0          0          0          0          0   (incl. Padding)

    ----------------------------------------------------------------------

      Code (inc. data)   RO Data    RW Data    ZI Data      Debug   Library Name

      2652        112          0          4          0       1216   mc_w.l
      1686          0          0          0          0       1488   mf_w.l

    ----------------------------------------------------------------------
      4340        112          0          4          0       2704   Library Totals

    ----------------------------------------------------------------------

==============================================================================


      Code (inc. data)   RO Data    RW Data    ZI Data      Debug   

     20084       1054       2364         40       2896     551340   Grand Totals
     20084       1054       2364         40       2896     551340   ELF Image Totals
     20084       1054       2364         40          0          0   ROM Totals

==============================================================================

    Total RO  Size (Code + RO Data)                22448 (  21.92kB)
    Total RW  Size (RW Data + ZI Data)              2936 (   2.87kB)
    Total ROM Size (Code + RO Data + RW Data)      22488 (  21.96kB)

==============================================================================

